0 verbose cli /usr/local/bin/node /usr/local/bin/npm
1 info using npm@11.16.0
2 info using node@v24.18.0
3 silly config load:file:/usr/local/lib/node_modules/npm/npmrc
4 silly config load:file:/Users/kushal/antigravity/Food-Delivery-App/.npmrc
5 silly config load:file:/Users/kushal/.npmrc
6 silly config load:file:/usr/local/etc/npmrc
7 verbose title npm install firebase
8 verbose argv "install" "firebase" "--cache" "/Users/kushal/antigravity/Food-Delivery-App/.npm-cache"
9 verbose logfile logs-max:10 dir:/Users/kushal/antigravity/Food-Delivery-App/.npm-cache/_logs/2026-08-28T19_36_51_942Z-
10 verbose logfile /Users/kushal/antigravity/Food-Delivery-App/.npm-cache/_logs/2026-08-28T19_36_51_942Z-debug-0.log
11 silly logfile done cleaning log files
12 silly packumentCache heap:4496293888 maxSize:1124073472 maxEntrySize:562036736
13 verbose shrinkwrap failed to load node_modules/.package-lock.json out of date, updated: node_modules
14 silly idealTree buildDeps
15 silly fetch manifest firebase@*
16 silly packumentCache full:https://registry.npmjs.org/firebase cache-miss
17 http fetch GET 200 https://registry.npmjs.org/npm 175ms
18 http fetch GET 200 https://registry.npmjs.org/firebase 624ms (cache miss)
19 silly packumentCache full:https://registry.npmjs.org/firebase set size:undefined disposed:false
20 silly placeDep ROOT firebase@12.18.0 OK for: react-example@0.0.0 want: *
21 silly fetch manifest @firebase/ai@2.15.0
22 silly packumentCache full:https://registry.npmjs.org/@firebase%2fai cache-miss
23 silly fetch manifest @firebase/app@0.16.1
24 silly packumentCache full:https://registry.npmjs.org/@firebase%2fapp cache-miss
25 silly fetch manifest @firebase/auth@1.13.5
26 silly packumentCache full:https://registry.npmjs.org/@firebase%2fauth cache-miss
27 silly fetch manifest @firebase/util@1.15.3
28 silly packumentCache full:https://registry.npmjs.org/@firebase%2futil cache-miss
29 silly fetch manifest @firebase/storage@0.14.5
30 silly packumentCache full:https://registry.npmjs.org/@firebase%2fstorage cache-miss
31 silly fetch manifest @firebase/database@1.1.5
32 silly packumentCache full:https://registry.npmjs.org/@firebase%2fdatabase cache-miss
33 silly fetch manifest @firebase/analytics@0.10.24
34 silly packumentCache full:https://registry.npmjs.org/@firebase%2fanalytics cache-miss
35 silly fetch manifest @firebase/app-check@0.13.1
36 silly packumentCache full:https://registry.npmjs.org/@firebase%2fapp-check cache-miss
37 silly fetch manifest @firebase/app-types@0.9.6
38 silly packumentCache full:https://registry.npmjs.org/@firebase%2fapp-types cache-miss
39 http fetch GET 200 https://registry.npmjs.org/@firebase%2fai 77ms (cache miss)
40 silly packumentCache full:https://registry.npmjs.org/@firebase%2fai set size:undefined disposed:false
41 silly fetch manifest @firebase/firestore@4.17.1
42 silly packumentCache full:https://registry.npmjs.org/@firebase%2ffirestore cache-miss
43 http fetch GET 200 https://registry.npmjs.org/@firebase%2fapp 553ms (cache miss)
44 silly packumentCache full:https://registry.npmjs.org/@firebase%2fapp set size:undefined disposed:false
45 silly fetch manifest @firebase/functions@0.14.0
46 silly packumentCache full:https://registry.npmjs.org/@firebase%2ffunctions cache-miss
47 http fetch GET 200 https://registry.npmjs.org/@firebase%2fapp-check 586ms (cache miss)
48 silly packumentCache full:https://registry.npmjs.org/@firebase%2fapp-check set size:undefined disposed:false
49 silly fetch manifest @firebase/messaging@0.13.2
50 silly packumentCache full:https://registry.npmjs.org/@firebase%2fmessaging cache-miss
51 http fetch GET 200 https://registry.npmjs.org/@firebase%2fapp-types 612ms (cache miss)
52 silly packumentCache full:https://registry.npmjs.org/@firebase%2fapp-types set size:undefined disposed:false
53 silly fetch manifest @firebase/app-compat@0.5.17
54 silly packumentCache full:https://registry.npmjs.org/@firebase%2fapp-compat cache-miss
55 http fetch GET 200 https://registry.npmjs.org/@firebase%2fanalytics 624ms (cache miss)
56 silly packumentCache full:https://registry.npmjs.org/@firebase%2fanalytics set size:undefined disposed:false
57 silly fetch manifest @firebase/auth-compat@0.6.10
58 silly packumentCache full:https://registry.npmjs.org/@firebase%2fauth-compat cache-miss
59 http fetch GET 200 https://registry.npmjs.org/@firebase%2ffirestore 571ms (cache miss)
60 silly packumentCache full:https://registry.npmjs.org/@firebase%2ffirestore set size:undefined disposed:false
61 silly fetch manifest @firebase/performance@0.7.14
62 silly packumentCache full:https://registry.npmjs.org/@firebase%2fperformance cache-miss
63 http fetch GET 200 https://registry.npmjs.org/@firebase%2fauth 686ms (cache miss)
64 silly packumentCache full:https://registry.npmjs.org/@firebase%2fauth set size:undefined disposed:false
65 silly fetch manifest @firebase/data-connect@0.7.4
66 silly packumentCache full:https://registry.npmjs.org/@firebase%2fdata-connect cache-miss
67 http fetch GET 200 https://registry.npmjs.org/@firebase%2fdata-connect 92ms (cache miss)
68 silly packumentCache full:https://registry.npmjs.org/@firebase%2fdata-connect set size:undefined disposed:false
69 silly fetch manifest @firebase/installations@0.6.24
70 silly packumentCache full:https://registry.npmjs.org/@firebase%2finstallations cache-miss
71 http fetch GET 200 https://registry.npmjs.org/@firebase%2fauth-compat 217ms (cache miss)
72 silly packumentCache full:https://registry.npmjs.org/@firebase%2fauth-compat set size:undefined disposed:false
73 silly fetch manifest @firebase/remote-config@0.9.2
74 silly packumentCache full:https://registry.npmjs.org/@firebase%2fremote-config cache-miss
75 http fetch GET 200 https://registry.npmjs.org/@firebase%2fdatabase 876ms (cache miss)
76 silly packumentCache full:https://registry.npmjs.org/@firebase%2fdatabase set size:undefined disposed:false
77 silly fetch manifest @firebase/storage-compat@0.4.5
78 silly packumentCache full:https://registry.npmjs.org/@firebase%2fstorage-compat cache-miss
79 http fetch GET 200 https://registry.npmjs.org/@firebase%2fstorage 907ms (cache miss)
80 silly packumentCache full:https://registry.npmjs.org/@firebase%2fstorage set size:undefined disposed:false
81 silly fetch manifest @firebase/database-compat@2.1.7
82 silly packumentCache full:https://registry.npmjs.org/@firebase%2fdatabase-compat cache-miss
83 http fetch GET 200 https://registry.npmjs.org/@firebase%2fapp-compat 303ms (cache miss)
84 silly packumentCache full:https://registry.npmjs.org/@firebase%2fapp-compat set size:undefined disposed:false
85 silly fetch manifest @firebase/analytics-compat@0.2.30
86 silly packumentCache full:https://registry.npmjs.org/@firebase%2fanalytics-compat cache-miss
87 http fetch GET 200 https://registry.npmjs.org/@firebase%2futil 1008ms (cache miss)
88 silly packumentCache full:https://registry.npmjs.org/@firebase%2futil set size:undefined disposed:false
89 silly fetch manifest @firebase/app-check-compat@0.4.7
90 silly packumentCache full:https://registry.npmjs.org/@firebase%2fapp-check-compat cache-miss
91 http fetch GET 200 https://registry.npmjs.org/@firebase%2fmessaging 456ms (cache miss)
92 silly packumentCache full:https://registry.npmjs.org/@firebase%2fmessaging set size:undefined disposed:false
93 silly fetch manifest @firebase/firestore-compat@0.4.13
94 silly packumentCache full:https://registry.npmjs.org/@firebase%2ffirestore-compat cache-miss
95 http fetch GET 200 https://registry.npmjs.org/@firebase%2fdatabase-compat 180ms (cache miss)
96 silly packumentCache full:https://registry.npmjs.org/@firebase%2fdatabase-compat set size:undefined disposed:false
97 silly fetch manifest @firebase/functions-compat@0.5.0
98 silly packumentCache full:https://registry.npmjs.org/@firebase%2ffunctions-compat cache-miss
99 http fetch GET 200 https://registry.npmjs.org/@firebase%2fstorage-compat 223ms (cache miss)
100 silly packumentCache full:https://registry.npmjs.org/@firebase%2fstorage-compat set size:undefined disposed:false
101 silly fetch manifest @firebase/messaging-compat@0.2.29
102 silly packumentCache full:https://registry.npmjs.org/@firebase%2fmessaging-compat cache-miss
103 http fetch GET 200 https://registry.npmjs.org/@firebase%2fanalytics-compat 199ms (cache miss)
104 silly packumentCache full:https://registry.npmjs.org/@firebase%2fanalytics-compat set size:undefined disposed:false
105 silly fetch manifest @firebase/performance-compat@0.2.27
106 silly packumentCache full:https://registry.npmjs.org/@firebase%2fperformance-compat cache-miss
107 http fetch GET 200 https://registry.npmjs.org/@firebase%2fremote-config 280ms (cache miss)
108 silly packumentCache full:https://registry.npmjs.org/@firebase%2fremote-config set size:undefined disposed:false
109 silly fetch manifest @firebase/installations-compat@0.2.24
110 silly packumentCache full:https://registry.npmjs.org/@firebase%2finstallations-compat cache-miss
111 http fetch GET 200 https://registry.npmjs.org/@firebase%2finstallations 432ms (cache miss)
112 silly packumentCache full:https://registry.npmjs.org/@firebase%2finstallations set size:undefined disposed:false
113 silly fetch manifest @firebase/remote-config-compat@0.2.29
114 silly packumentCache full:https://registry.npmjs.org/@firebase%2fremote-config-compat cache-miss
115 http fetch GET 200 https://registry.npmjs.org/@firebase%2fapp-check-compat 290ms (cache miss)
116 silly packumentCache full:https://registry.npmjs.org/@firebase%2fapp-check-compat set size:undefined disposed:false
117 http fetch GET 200 https://registry.npmjs.org/@firebase%2fperformance 653ms (cache miss)
118 silly packumentCache full:https://registry.npmjs.org/@firebase%2fperformance set size:undefined disposed:false
119 http fetch GET 200 https://registry.npmjs.org/@firebase%2fmessaging-compat 227ms (cache miss)
120 silly packumentCache full:https://registry.npmjs.org/@firebase%2fmessaging-compat set size:undefined disposed:false
121 http fetch GET 200 https://registry.npmjs.org/@firebase%2ffirestore-compat 289ms (cache miss)
122 silly packumentCache full:https://registry.npmjs.org/@firebase%2ffirestore-compat set size:undefined disposed:false
123 http fetch GET 200 https://registry.npmjs.org/@firebase%2finstallations-compat 206ms (cache miss)
124 silly packumentCache full:https://registry.npmjs.org/@firebase%2finstallations-compat set size:undefined disposed:false
125 http fetch GET 200 https://registry.npmjs.org/@firebase%2ffunctions-compat 270ms (cache miss)
126 silly packumentCache full:https://registry.npmjs.org/@firebase%2ffunctions-compat set size:undefined disposed:false
127 http fetch GET 200 https://registry.npmjs.org/@firebase%2fperformance-compat 263ms (cache miss)
128 silly packumentCache full:https://registry.npmjs.org/@firebase%2fperformance-compat set size:undefined disposed:false
129 http fetch GET 200 https://registry.npmjs.org/@firebase%2fremote-config-compat 155ms (cache miss)
130 silly packumentCache full:https://registry.npmjs.org/@firebase%2fremote-config-compat set size:undefined disposed:false
131 http fetch GET 200 https://registry.npmjs.org/@firebase%2ffunctions 998ms (cache miss)
132 silly packumentCache full:https://registry.npmjs.org/@firebase%2ffunctions set size:undefined disposed:false
133 silly fetch manifest @react-native-async-storage/async-storage@^2.2.0 || ^3.0.0
134 silly packumentCache full:https://registry.npmjs.org/@react-native-async-storage%2fasync-storage cache-miss
135 http fetch GET 200 https://registry.npmjs.org/@react-native-async-storage%2fasync-storage 51ms (cache miss)
136 silly packumentCache full:https://registry.npmjs.org/@react-native-async-storage%2fasync-storage set size:undefined disposed:false
137 silly fetch manifest react@*
138 silly packumentCache full:https://registry.npmjs.org/react cache-miss
139 http fetch GET 200 https://registry.npmjs.org/react 188ms (cache miss)
140 silly packumentCache full:https://registry.npmjs.org/react set size:undefined disposed:false
141 silly fetch manifest react-native@*
142 silly packumentCache full:https://registry.npmjs.org/react-native cache-miss
143 http fetch GET 200 https://registry.npmjs.org/react-native 257ms (cache miss)
144 silly packumentCache full:https://registry.npmjs.org/react-native set size:undefined disposed:false
145 silly fetch manifest @types/react@^19.1.1
146 silly packumentCache full:https://registry.npmjs.org/@types%2freact cache-miss
147 http fetch GET 200 https://registry.npmjs.org/@types%2freact 149ms (cache miss)
148 silly packumentCache full:https://registry.npmjs.org/@types%2freact set size:undefined disposed:false
149 silly placeDep ROOT @firebase/ai@2.15.0 OK for: firebase@12.18.0 want: 2.15.0
150 silly placeDep ROOT @firebase/app@0.16.1 OK for: @firebase/ai@2.15.0 want: 0.x
151 silly placeDep ROOT @firebase/app-types@0.9.6 OK for: @firebase/ai@2.15.0 want: 0.x
152 silly placeDep ROOT @firebase/analytics@0.10.24 OK for: firebase@12.18.0 want: 0.10.24
153 silly placeDep ROOT @firebase/analytics-compat@0.2.30 OK for: firebase@12.18.0 want: 0.2.30
154 silly placeDep ROOT @firebase/app-compat@0.5.17 OK for: @firebase/analytics-compat@0.2.30 want: 0.x
155 silly placeDep ROOT @firebase/app-check@0.13.1 OK for: firebase@12.18.0 want: 0.13.1
156 silly placeDep ROOT @firebase/app-check-compat@0.4.7 OK for: firebase@12.18.0 want: 0.4.7
157 silly placeDep ROOT @firebase/auth@1.13.5 OK for: firebase@12.18.0 want: 1.13.5
158 silly placeDep ROOT @firebase/auth-compat@0.6.10 OK for: firebase@12.18.0 want: 0.6.10
159 silly placeDep ROOT @firebase/data-connect@0.7.4 OK for: firebase@12.18.0 want: 0.7.4
160 silly placeDep ROOT @firebase/database@1.1.5 OK for: firebase@12.18.0 want: 1.1.5
161 silly placeDep ROOT @firebase/database-compat@2.1.7 OK for: firebase@12.18.0 want: 2.1.7
162 silly placeDep ROOT @firebase/firestore@4.17.1 OK for: firebase@12.18.0 want: 4.17.1
163 silly placeDep ROOT @firebase/firestore-compat@0.4.13 OK for: firebase@12.18.0 want: 0.4.13
164 silly placeDep ROOT @firebase/functions@0.14.0 OK for: firebase@12.18.0 want: 0.14.0
165 silly placeDep ROOT @firebase/functions-compat@0.5.0 OK for: firebase@12.18.0 want: 0.5.0
166 silly placeDep ROOT @firebase/installations@0.6.24 OK for: firebase@12.18.0 want: 0.6.24
167 silly placeDep ROOT @firebase/installations-compat@0.2.24 OK for: firebase@12.18.0 want: 0.2.24
168 silly placeDep ROOT @firebase/messaging@0.13.2 OK for: firebase@12.18.0 want: 0.13.2
169 silly placeDep ROOT @firebase/messaging-compat@0.2.29 OK for: firebase@12.18.0 want: 0.2.29
170 silly placeDep ROOT @firebase/performance@0.7.14 OK for: firebase@12.18.0 want: 0.7.14
171 silly placeDep ROOT @firebase/performance-compat@0.2.27 OK for: firebase@12.18.0 want: 0.2.27
172 silly placeDep ROOT @firebase/remote-config@0.9.2 OK for: firebase@12.18.0 want: 0.9.2
173 silly placeDep ROOT @firebase/remote-config-compat@0.2.29 OK for: firebase@12.18.0 want: 0.2.29
174 silly placeDep ROOT @firebase/storage@0.14.5 OK for: firebase@12.18.0 want: 0.14.5
175 silly placeDep ROOT @firebase/storage-compat@0.4.5 OK for: firebase@12.18.0 want: 0.4.5
176 silly placeDep ROOT @firebase/util@1.15.3 OK for: firebase@12.18.0 want: 1.15.3
177 silly fetch manifest @firebase/logger@0.5.2
178 silly packumentCache full:https://registry.npmjs.org/@firebase%2flogger cache-miss
179 silly fetch manifest @firebase/component@0.7.5
180 silly packumentCache full:https://registry.npmjs.org/@firebase%2fcomponent cache-miss
181 silly fetch manifest @firebase/app-check-interop-types@0.3.5
182 silly packumentCache full:https://registry.npmjs.org/@firebase%2fapp-check-interop-types cache-miss
183 silly fetch manifest @firebase/logger@0.5.2
184 silly packumentCache full:https://registry.npmjs.org/@firebase%2flogger cache-miss
185 silly fetch manifest idb@7.1.1
186 silly packumentCache full:https://registry.npmjs.org/idb cache-miss
187 silly fetch manifest @firebase/logger@0.5.2
188 silly packumentCache full:https://registry.npmjs.org/@firebase%2flogger cache-miss
189 silly fetch manifest @firebase/component@0.7.5
190 silly packumentCache full:https://registry.npmjs.org/@firebase%2fcomponent cache-miss
191 silly fetch manifest @firebase/logger@0.5.2
192 silly packumentCache full:https://registry.npmjs.org/@firebase%2flogger cache-miss
193 silly fetch manifest @firebase/component@0.7.5
194 silly packumentCache full:https://registry.npmjs.org/@firebase%2fcomponent cache-miss
195 http fetch GET 200 https://registry.npmjs.org/idb 60ms (cache miss)
196 silly packumentCache full:https://registry.npmjs.org/idb set size:undefined disposed:false
197 silly fetch manifest @firebase/component@0.7.5
198 silly packumentCache full:https://registry.npmjs.org/@firebase%2fcomponent cache-miss
199 http fetch GET 200 https://registry.npmjs.org/@firebase%2fapp-check-interop-types 242ms (cache miss)
200 silly packumentCache full:https://registry.npmjs.org/@firebase%2fapp-check-interop-types set size:undefined disposed:false
201 silly fetch manifest @firebase/analytics-types@0.8.5
202 silly packumentCache full:https://registry.npmjs.org/@firebase%2fanalytics-types cache-miss
203 http fetch GET 200 https://registry.npmjs.org/@firebase%2fcomponent 306ms (cache miss)
204 silly packumentCache full:https://registry.npmjs.org/@firebase%2fcomponent set size:undefined disposed:false
205 silly fetch manifest @firebase/logger@0.5.2
206 silly packumentCache full:https://registry.npmjs.org/@firebase%2flogger cache-miss
207 http fetch GET 200 https://registry.npmjs.org/@firebase%2fcomponent 332ms (cache miss)
208 silly packumentCache full:https://registry.npmjs.org/@firebase%2fcomponent set size:undefined disposed:false
209 silly fetch manifest @firebase/logger@0.5.2
210 silly packumentCache full:https://registry.npmjs.org/@firebase%2flogger cache-miss
211 http fetch GET 200 https://registry.npmjs.org/@firebase%2flogger 356ms (cache miss)
212 silly packumentCache full:https://registry.npmjs.org/@firebase%2flogger set size:undefined disposed:false
213 silly fetch manifest @firebase/app-check-types@0.5.5
214 silly packumentCache full:https://registry.npmjs.org/@firebase%2fapp-check-types cache-miss
215 http fetch GET 200 https://registry.npmjs.org/@firebase%2flogger 487ms (cache miss)
216 silly packumentCache full:https://registry.npmjs.org/@firebase%2flogger set size:undefined disposed:false
217 silly fetch manifest @firebase/auth-types@0.13.2
218 silly packumentCache full:https://registry.npmjs.org/@firebase%2fauth-types cache-miss
219 http fetch GET 200 https://registry.npmjs.org/@firebase%2fcomponent 536ms (cache miss)
220 silly packumentCache full:https://registry.npmjs.org/@firebase%2fcomponent set size:undefined disposed:false
221 silly fetch manifest @firebase/auth-interop-types@0.2.6
222 silly packumentCache full:https://registry.npmjs.org/@firebase%2fauth-interop-types cache-miss
223 http fetch GET 200 https://registry.npmjs.org/@firebase%2flogger 553ms (cache miss)
224 silly packumentCache full:https://registry.npmjs.org/@firebase%2flogger set size:undefined disposed:false
225 silly fetch manifest faye-websocket@0.11.4
226 silly packumentCache full:https://registry.npmjs.org/faye-websocket cache-miss
227 http fetch GET 200 https://registry.npmjs.org/@firebase%2flogger 576ms (cache miss)
228 silly packumentCache full:https://registry.npmjs.org/@firebase%2flogger set size:undefined disposed:false
229 silly fetch manifest @firebase/auth-interop-types@0.2.6
230 silly packumentCache full:https://registry.npmjs.org/@firebase%2fauth-interop-types cache-miss
231 http fetch GET 200 https://registry.npmjs.org/@firebase%2fapp-check-types 235ms (cache miss)
232 silly packumentCache full:https://registry.npmjs.org/@firebase%2fapp-check-types set size:undefined disposed:false
233 silly fetch manifest @firebase/database-types@1.0.22
234 silly packumentCache full:https://registry.npmjs.org/@firebase%2fdatabase-types cache-miss
235 http fetch GET 200 https://registry.npmjs.org/faye-websocket 51ms (cache miss)
236 silly packumentCache full:https://registry.npmjs.org/faye-websocket set size:undefined disposed:false
237 silly fetch manifest re2js@^2.8.3
238 silly packumentCache full:https://registry.npmjs.org/re2js cache-miss
239 http fetch GET 200 https://registry.npmjs.org/@firebase%2fanalytics-types 390ms (cache miss)
240 silly packumentCache full:https://registry.npmjs.org/@firebase%2fanalytics-types set size:undefined disposed:false
241 silly fetch manifest @grpc/grpc-js@~1.9.0
242 silly packumentCache full:https://registry.npmjs.org/@grpc%2fgrpc-js cache-miss
243 http fetch GET 200 https://registry.npmjs.org/re2js 34ms (cache miss)
244 silly packumentCache full:https://registry.npmjs.org/re2js set size:undefined disposed:false
245 silly fetch manifest @grpc/proto-loader@^0.7.8
246 silly packumentCache full:https://registry.npmjs.org/@grpc%2fproto-loader cache-miss
247 http fetch GET 200 https://registry.npmjs.org/@firebase%2flogger 407ms (cache miss)
248 silly packumentCache full:https://registry.npmjs.org/@firebase%2flogger set size:undefined disposed:false
249 silly fetch manifest @firebase/webchannel-wrapper@1.0.7
250 silly packumentCache full:https://registry.npmjs.org/@firebase%2fwebchannel-wrapper cache-miss
251 http fetch GET 200 https://registry.npmjs.org/@grpc%2fproto-loader 91ms (cache miss)
252 silly packumentCache full:https://registry.npmjs.org/@grpc%2fproto-loader set size:undefined disposed:false
253 silly fetch manifest @firebase/firestore-types@3.0.5
254 silly packumentCache full:https://registry.npmjs.org/@firebase%2ffirestore-types cache-miss
255 http fetch GET 200 https://registry.npmjs.org/@grpc%2fgrpc-js 100ms (cache miss)
256 silly packumentCache full:https://registry.npmjs.org/@grpc%2fgrpc-js set size:undefined disposed:false
257 silly fetch manifest @firebase/auth-interop-types@0.2.6
258 silly packumentCache full:https://registry.npmjs.org/@firebase%2fauth-interop-types cache-miss
259 http fetch GET 200 https://registry.npmjs.org/@firebase%2flogger 437ms (cache miss)
260 silly packumentCache full:https://registry.npmjs.org/@firebase%2flogger set size:undefined disposed:false
261 silly fetch manifest @firebase/messaging-interop-types@0.2.6
262 silly packumentCache full:https://registry.npmjs.org/@firebase%2fmessaging-interop-types cache-miss
263 http fetch GET 200 https://registry.npmjs.org/@firebase%2fauth-interop-types 302ms (cache miss)
264 silly packumentCache full:https://registry.npmjs.org/@firebase%2fauth-interop-types set size:undefined disposed:false
265 silly fetch manifest @firebase/functions-types@0.6.5
266 silly packumentCache full:https://registry.npmjs.org/@firebase%2ffunctions-types cache-miss
267 http fetch GET 200 https://registry.npmjs.org/@firebase%2fauth-interop-types 278ms (cache miss)
268 silly packumentCache full:https://registry.npmjs.org/@firebase%2fauth-interop-types set size:undefined disposed:false
269 silly fetch manifest @firebase/installations-types@0.5.5
270 silly packumentCache full:https://registry.npmjs.org/@firebase%2finstallations-types cache-miss
271 http fetch GET 200 https://registry.npmjs.org/@firebase%2fauth-types 416ms (cache miss)
272 silly packumentCache full:https://registry.npmjs.org/@firebase%2fauth-types set size:undefined disposed:false
273 silly fetch manifest @firebase/messaging-interop-types@0.2.6
274 silly packumentCache full:https://registry.npmjs.org/@firebase%2fmessaging-interop-types cache-miss
275 http fetch GET 200 https://registry.npmjs.org/@firebase%2fcomponent 960ms (cache miss)
276 silly packumentCache full:https://registry.npmjs.org/@firebase%2fcomponent set size:undefined disposed:false
277 silly fetch manifest web-vitals@^4.2.4
278 silly packumentCache full:https://registry.npmjs.org/web-vitals cache-miss
279 http fetch GET 200 https://registry.npmjs.org/@firebase%2fmessaging-interop-types 268ms (cache miss)
280 silly packumentCache full:https://registry.npmjs.org/@firebase%2fmessaging-interop-types set size:undefined disposed:false
281 silly fetch manifest @firebase/performance-types@0.2.5
282 silly packumentCache full:https://registry.npmjs.org/@firebase%2fperformance-types cache-miss
283 http fetch GET 200 https://registry.npmjs.org/@firebase%2fdatabase-types 465ms (cache miss)
284 silly packumentCache full:https://registry.npmjs.org/@firebase%2fdatabase-types set size:undefined disposed:false
285 silly fetch manifest @firebase/remote-config-types@0.5.2
286 silly packumentCache full:https://registry.npmjs.org/@firebase%2fremote-config-types cache-miss
287 http fetch GET 200 https://registry.npmjs.org/@firebase%2fauth-interop-types 361ms (cache miss)
288 silly packumentCache full:https://registry.npmjs.org/@firebase%2fauth-interop-types set size:undefined disposed:false
289 silly fetch manifest @firebase/storage-types@0.8.5
290 silly packumentCache full:https://registry.npmjs.org/@firebase%2fstorage-types cache-miss
291 http fetch GET 200 https://registry.npmjs.org/web-vitals 94ms (cache miss)
292 silly packumentCache full:https://registry.npmjs.org/web-vitals set size:undefined disposed:false
293 http fetch GET 200 https://registry.npmjs.org/@firebase%2fmessaging-interop-types 214ms (cache miss)
294 silly packumentCache full:https://registry.npmjs.org/@firebase%2fmessaging-interop-types set size:undefined disposed:false
295 http fetch GET 200 https://registry.npmjs.org/@firebase%2fwebchannel-wrapper 540ms (cache miss)
296 silly packumentCache full:https://registry.npmjs.org/@firebase%2fwebchannel-wrapper set size:undefined disposed:false
297 http fetch GET 200 https://registry.npmjs.org/@firebase%2ffunctions-types 440ms (cache miss)
298 silly packumentCache full:https://registry.npmjs.org/@firebase%2ffunctions-types set size:undefined disposed:false
299 http fetch GET 200 https://registry.npmjs.org/@firebase%2fremote-config-types 234ms (cache miss)
300 silly packumentCache full:https://registry.npmjs.org/@firebase%2fremote-config-types set size:undefined disposed:false
301 http fetch GET 200 https://registry.npmjs.org/@firebase%2fperformance-types 297ms (cache miss)
302 silly packumentCache full:https://registry.npmjs.org/@firebase%2fperformance-types set size:undefined disposed:false
303 http fetch GET 200 https://registry.npmjs.org/@firebase%2ffirestore-types 783ms (cache miss)
304 silly packumentCache full:https://registry.npmjs.org/@firebase%2ffirestore-types set size:undefined disposed:false
305 http fetch GET 200 https://registry.npmjs.org/@firebase%2fstorage-types 433ms (cache miss)
306 silly packumentCache full:https://registry.npmjs.org/@firebase%2fstorage-types set size:undefined disposed:false
307 http fetch GET 200 https://registry.npmjs.org/@firebase%2finstallations-types 827ms (cache miss)
308 silly packumentCache full:https://registry.npmjs.org/@firebase%2finstallations-types set size:undefined disposed:false
309 silly placeDep ROOT @firebase/app-check-interop-types@0.3.5 OK for: @firebase/ai@2.15.0 want: 0.3.5
310 silly placeDep ROOT @firebase/component@0.7.5 OK for: @firebase/ai@2.15.0 want: 0.7.5
311 silly placeDep ROOT @firebase/logger@0.5.2 OK for: @firebase/ai@2.15.0 want: 0.5.2
312 silly placeDep ROOT @firebase/analytics-types@0.8.5 OK for: @firebase/analytics-compat@0.2.30 want: 0.8.5
313 silly placeDep ROOT idb@7.1.1 OK for: @firebase/app@0.16.1 want: 7.1.1
314 silly placeDep ROOT @firebase/app-check-types@0.5.5 OK for: @firebase/app-check-compat@0.4.7 want: 0.5.5
315 silly fetch manifest @firebase/app-types@0.x
316 silly packumentCache full:https://registry.npmjs.org/@firebase%2fapp-types cache-miss
317 http cache https://registry.npmjs.org/@firebase%2fapp-types 9ms (cache hit)
318 silly packumentCache full:https://registry.npmjs.org/@firebase%2fapp-types set size:8595470 disposed:false
319 silly placeDep ROOT @firebase/auth-types@0.13.2 OK for: @firebase/auth-compat@0.6.10 want: 0.13.2
320 silly placeDep ROOT @firebase/auth-interop-types@0.2.6 OK for: @firebase/data-connect@0.7.4 want: 0.2.6
321 silly placeDep ROOT faye-websocket@0.11.4 OK for: @firebase/database@1.1.5 want: 0.11.4
322 silly fetch manifest websocket-driver@>=0.5.1
323 silly packumentCache full:https://registry.npmjs.org/websocket-driver cache-miss
324 http fetch GET 200 https://registry.npmjs.org/websocket-driver 31ms (cache miss)
325 silly packumentCache full:https://registry.npmjs.org/websocket-driver set size:undefined disposed:false
326 silly placeDep ROOT @firebase/database-types@1.0.22 OK for: @firebase/database-compat@2.1.7 want: 1.0.22
327 silly placeDep ROOT @firebase/webchannel-wrapper@1.0.7 OK for: @firebase/firestore@4.17.1 want: 1.0.7
328 silly placeDep ROOT @grpc/grpc-js@1.9.16 OK for: @firebase/firestore@4.17.1 want: ~1.9.0
329 silly placeDep ROOT @grpc/proto-loader@0.7.15 OK for: @firebase/firestore@4.17.1 want: ^0.7.8
330 silly placeDep ROOT re2js@2.8.6 OK for: @firebase/firestore@4.17.1 want: ^2.8.3
331 silly fetch manifest yargs@^17.7.2
332 silly packumentCache full:https://registry.npmjs.org/yargs cache-miss
333 silly fetch manifest lodash.camelcase@^4.3.0
334 silly packumentCache full:https://registry.npmjs.org/lodash.camelcase cache-miss
335 http fetch GET 200 https://registry.npmjs.org/lodash.camelcase 26ms (cache miss)
336 silly packumentCache full:https://registry.npmjs.org/lodash.camelcase set size:undefined disposed:false
337 http fetch GET 200 https://registry.npmjs.org/yargs 55ms (cache miss)
338 silly packumentCache full:https://registry.npmjs.org/yargs set size:undefined disposed:false
339 silly placeDep ROOT @firebase/firestore-types@3.0.5 OK for: @firebase/firestore-compat@0.4.13 want: 3.0.5
340 silly placeDep ROOT @firebase/messaging-interop-types@0.2.6 OK for: @firebase/functions@0.14.0 want: 0.2.6
341 silly placeDep ROOT @firebase/functions-types@0.6.5 OK for: @firebase/functions-compat@0.5.0 want: 0.6.5
342 silly placeDep ROOT @firebase/installations-types@0.5.5 OK for: @firebase/installations-compat@0.2.24 want: 0.5.5
343 silly placeDep ROOT web-vitals@4.2.4 OK for: @firebase/performance@0.7.14 want: ^4.2.4
344 silly placeDep ROOT @firebase/performance-types@0.2.5 OK for: @firebase/performance-compat@0.2.27 want: 0.2.5
345 silly placeDep ROOT @firebase/remote-config-types@0.5.2 OK for: @firebase/remote-config-compat@0.2.29 want: 0.5.2
346 silly placeDep ROOT @firebase/storage-types@0.8.5 OK for: @firebase/storage-compat@0.4.5 want: 0.8.5
347 silly placeDep ROOT lodash.camelcase@4.3.0 OK for: @grpc/proto-loader@0.7.15 want: ^4.3.0
348 silly placeDep ROOT yargs@17.7.3 OK for: @grpc/proto-loader@0.7.15 want: ^17.7.2
349 silly fetch manifest y18n@^5.0.5
350 silly packumentCache full:https://registry.npmjs.org/y18n cache-miss
351 silly fetch manifest cliui@^8.0.1
352 silly packumentCache full:https://registry.npmjs.org/cliui cache-miss
353 silly fetch manifest string-width@^4.2.3
354 silly packumentCache full:https://registry.npmjs.org/string-width cache-miss
355 silly fetch manifest yargs-parser@^21.1.1
356 silly packumentCache full:https://registry.npmjs.org/yargs-parser cache-miss
357 silly fetch manifest get-caller-file@^2.0.5
358 silly packumentCache full:https://registry.npmjs.org/get-caller-file cache-miss
359 silly fetch manifest require-directory@^2.1.1
360 silly packumentCache full:https://registry.npmjs.org/require-directory cache-miss
361 http fetch GET 200 https://registry.npmjs.org/require-directory 26ms (cache miss)
362 silly packumentCache full:https://registry.npmjs.org/require-directory set size:undefined disposed:false
363 http fetch GET 200 https://registry.npmjs.org/y18n 28ms (cache miss)
364 silly packumentCache full:https://registry.npmjs.org/y18n set size:undefined disposed:false
365 http fetch GET 200 https://registry.npmjs.org/get-caller-file 28ms (cache miss)
366 silly packumentCache full:https://registry.npmjs.org/get-caller-file set size:undefined disposed:false
367 http fetch GET 200 https://registry.npmjs.org/cliui 29ms (cache miss)
368 silly packumentCache full:https://registry.npmjs.org/cliui set size:undefined disposed:false
369 http fetch GET 200 https://registry.npmjs.org/string-width 33ms (cache miss)
370 silly packumentCache full:https://registry.npmjs.org/string-width set size:undefined disposed:false
371 http fetch GET 200 https://registry.npmjs.org/yargs-parser 34ms (cache miss)
372 silly packumentCache full:https://registry.npmjs.org/yargs-parser set size:undefined disposed:false
373 silly placeDep ROOT websocket-driver@0.7.5 OK for: faye-websocket@0.11.4 want: >=0.5.1
374 silly fetch manifest http-parser-js@>=0.5.1
375 silly packumentCache full:https://registry.npmjs.org/http-parser-js cache-miss
376 silly fetch manifest websocket-extensions@>=0.1.1
377 silly packumentCache full:https://registry.npmjs.org/websocket-extensions cache-miss
378 http fetch GET 200 https://registry.npmjs.org/http-parser-js 32ms (cache miss)
379 silly packumentCache full:https://registry.npmjs.org/http-parser-js set size:undefined disposed:false
380 http fetch GET 200 https://registry.npmjs.org/websocket-extensions 354ms (cache miss)
381 silly packumentCache full:https://registry.npmjs.org/websocket-extensions set size:undefined disposed:false
382 silly placeDep ROOT http-parser-js@0.5.10 OK for: websocket-driver@0.7.5 want: >=0.5.1
383 silly placeDep ROOT websocket-extensions@0.1.4 OK for: websocket-driver@0.7.5 want: >=0.1.1
384 silly placeDep ROOT cliui@8.0.1 OK for: yargs@17.7.3 want: ^8.0.1
385 silly placeDep ROOT get-caller-file@2.0.5 OK for: yargs@17.7.3 want: ^2.0.5
386 silly placeDep ROOT require-directory@2.1.1 OK for: yargs@17.7.3 want: ^2.1.1
387 silly placeDep ROOT string-width@4.2.3 OK for: yargs@17.7.3 want: ^4.2.3
388 silly placeDep ROOT y18n@5.0.8 OK for: yargs@17.7.3 want: ^5.0.5
389 silly placeDep ROOT yargs-parser@21.1.1 OK for: yargs@17.7.3 want: ^21.1.1
390 silly fetch manifest wrap-ansi@^7.0.0
391 silly packumentCache full:https://registry.npmjs.org/wrap-ansi cache-miss
392 silly fetch manifest strip-ansi@^6.0.1
393 silly packumentCache full:https://registry.npmjs.org/strip-ansi cache-miss
394 silly fetch manifest string-width@^4.2.0
395 silly packumentCache full:https://registry.npmjs.org/string-width cache-miss
396 silly fetch manifest strip-ansi@^6.0.1
397 silly packumentCache full:https://registry.npmjs.org/strip-ansi cache-miss
398 silly fetch manifest emoji-regex@^8.0.0
399 silly packumentCache full:https://registry.npmjs.org/emoji-regex cache-miss
400 silly fetch manifest is-fullwidth-code-point@^3.0.0
401 silly packumentCache full:https://registry.npmjs.org/is-fullwidth-code-point cache-miss
402 http cache https://registry.npmjs.org/string-width 5ms (cache hit)
403 silly packumentCache full:https://registry.npmjs.org/string-width set size:72458 disposed:false
404 http fetch GET 200 https://registry.npmjs.org/is-fullwidth-code-point 31ms (cache miss)
405 silly packumentCache full:https://registry.npmjs.org/is-fullwidth-code-point set size:undefined disposed:false
406 http fetch GET 200 https://registry.npmjs.org/wrap-ansi 33ms (cache miss)
407 silly packumentCache full:https://registry.npmjs.org/wrap-ansi set size:undefined disposed:false
408 http fetch GET 200 https://registry.npmjs.org/strip-ansi 34ms (cache miss)
409 silly packumentCache full:https://registry.npmjs.org/strip-ansi set size:undefined disposed:false
410 http fetch GET 200 https://registry.npmjs.org/emoji-regex 34ms (cache miss)
411 silly packumentCache full:https://registry.npmjs.org/emoji-regex set size:undefined disposed:false
412 http fetch GET 200 https://registry.npmjs.org/strip-ansi 35ms (cache miss)
413 silly packumentCache full:https://registry.npmjs.org/strip-ansi set size:undefined disposed:false
414 silly placeDep ROOT strip-ansi@6.0.1 OK for: cliui@8.0.1 want: ^6.0.1
415 silly placeDep ROOT wrap-ansi@7.0.0 OK for: cliui@8.0.1 want: ^7.0.0
416 silly fetch manifest ansi-regex@^5.0.1
417 silly packumentCache full:https://registry.npmjs.org/ansi-regex cache-miss
418 silly fetch manifest ansi-styles@^4.0.0
419 silly packumentCache full:https://registry.npmjs.org/ansi-styles cache-miss
420 http fetch GET 200 https://registry.npmjs.org/ansi-regex 27ms (cache miss)
421 silly packumentCache full:https://registry.npmjs.org/ansi-regex set size:undefined disposed:false
422 http fetch GET 200 https://registry.npmjs.org/ansi-styles 31ms (cache miss)
423 silly packumentCache full:https://registry.npmjs.org/ansi-styles set size:undefined disposed:false
424 silly placeDep ROOT emoji-regex@8.0.0 OK for: string-width@4.2.3 want: ^8.0.0
425 silly placeDep ROOT is-fullwidth-code-point@3.0.0 OK for: string-width@4.2.3 want: ^3.0.0
426 silly placeDep ROOT ansi-regex@5.0.1 OK for: strip-ansi@6.0.1 want: ^5.0.1
427 silly placeDep ROOT ansi-styles@4.3.0 OK for: wrap-ansi@7.0.0 want: ^4.0.0
428 silly fetch manifest color-convert@^2.0.1
429 silly packumentCache full:https://registry.npmjs.org/color-convert cache-miss
430 http fetch GET 200 https://registry.npmjs.org/color-convert 30ms (cache miss)
431 silly packumentCache full:https://registry.npmjs.org/color-convert set size:undefined disposed:false
432 silly placeDep ROOT color-convert@2.0.1 OK for: ansi-styles@4.3.0 want: ^2.0.1
433 silly fetch manifest color-name@~1.1.4
434 silly packumentCache full:https://registry.npmjs.org/color-name cache-miss
435 http fetch GET 200 https://registry.npmjs.org/color-name 25ms (cache miss)
436 silly packumentCache full:https://registry.npmjs.org/color-name set size:undefined disposed:false
437 silly placeDep ROOT color-name@1.1.4 OK for: color-convert@2.0.1 want: ~1.1.4
438 silly reify moves {}
439 silly audit bulk request {
439 silly audit   '@babel/code-frame': [ '7.29.7' ],
439 silly audit   '@babel/compat-data': [ '7.29.7' ],
439 silly audit   '@babel/core': [ '7.29.7' ],
439 silly audit   '@babel/generator': [ '7.29.8' ],
439 silly audit   '@babel/helper-compilation-targets': [ '7.29.7' ],
439 silly audit   '@babel/helper-globals': [ '7.29.7' ],
439 silly audit   '@babel/helper-module-imports': [ '7.29.7' ],
439 silly audit   '@babel/helper-module-transforms': [ '7.29.7' ],
439 silly audit   '@babel/helper-plugin-utils': [ '7.29.7' ],
439 silly audit   '@babel/helper-string-parser': [ '7.29.7' ],
439 silly audit   '@babel/helper-validator-identifier': [ '7.29.7' ],
439 silly audit   '@babel/helper-validator-option': [ '7.29.7' ],
439 silly audit   '@babel/helpers': [ '7.29.7' ],
439 silly audit   '@babel/parser': [ '7.29.8' ],
439 silly audit   '@babel/plugin-transform-react-jsx-self': [ '7.29.7' ],
439 silly audit   '@babel/plugin-transform-react-jsx-source': [ '7.29.7' ],
439 silly audit   '@babel/template': [ '7.29.7' ],
439 silly audit   '@babel/traverse': [ '7.29.8' ],
439 silly audit   '@babel/types': [ '7.29.8' ],
439 silly audit   '@esbuild/aix-ppc64': [ '0.25.12', '0.28.2' ],
439 silly audit   '@esbuild/android-arm': [ '0.25.12', '0.28.2' ],
439 silly audit   '@esbuild/android-arm64': [ '0.25.12', '0.28.2' ],
439 silly audit   '@esbuild/android-x64': [ '0.25.12', '0.28.2' ],
439 silly audit   '@esbuild/darwin-arm64': [ '0.25.12', '0.28.2' ],
439 silly audit   '@esbuild/darwin-x64': [ '0.25.12', '0.28.2' ],
439 silly audit   '@esbuild/freebsd-arm64': [ '0.25.12', '0.28.2' ],
439 silly audit   '@esbuild/freebsd-x64': [ '0.25.12', '0.28.2' ],
439 silly audit   '@esbuild/linux-arm': [ '0.25.12', '0.28.2' ],
439 silly audit   '@esbuild/linux-arm64': [ '0.25.12', '0.28.2' ],
439 silly audit   '@esbuild/linux-ia32': [ '0.25.12', '0.28.2' ],
439 silly audit   '@esbuild/linux-loong64': [ '0.25.12', '0.28.2' ],
439 silly audit   '@esbuild/linux-mips64el': [ '0.25.12', '0.28.2' ],
439 silly audit   '@esbuild/linux-ppc64': [ '0.25.12', '0.28.2' ],
439 silly audit   '@esbuild/linux-riscv64': [ '0.25.12', '0.28.2' ],
439 silly audit   '@esbuild/linux-s390x': [ '0.25.12', '0.28.2' ],
439 silly audit   '@esbuild/linux-x64': [ '0.25.12', '0.28.2' ],
439 silly audit   '@esbuild/netbsd-arm64': [ '0.25.12', '0.28.2' ],
439 silly audit   '@esbuild/netbsd-x64': [ '0.25.12', '0.28.2' ],
439 silly audit   '@esbuild/openbsd-arm64': [ '0.25.12', '0.28.2' ],
439 silly audit   '@esbuild/openbsd-x64': [ '0.25.12', '0.28.2' ],
439 silly audit   '@esbuild/openharmony-arm64': [ '0.25.12', '0.28.2' ],
439 silly audit   '@esbuild/sunos-x64': [ '0.25.12', '0.28.2' ],
439 silly audit   '@esbuild/win32-arm64': [ '0.25.12', '0.28.2' ],
439 silly audit   '@esbuild/win32-ia32': [ '0.25.12', '0.28.2' ],
439 silly audit   '@esbuild/win32-x64': [ '0.25.12', '0.28.2' ],
439 silly audit   '@google/genai': [ '2.19.0' ],
439 silly audit   '@jridgewell/gen-mapping': [ '0.3.13' ],
439 silly audit   '@jridgewell/remapping': [ '2.3.5' ],
439 silly audit   '@jridgewell/resolve-uri': [ '3.1.2' ],
439 silly audit   '@jridgewell/sourcemap-codec': [ '1.5.5' ],
439 silly audit   '@jridgewell/trace-mapping': [ '0.3.31' ],
439 silly audit   '@napi-rs/lzma-linux-x64-gnu': [ '1.5.1' ],
439 silly audit   '@protobufjs/aspromise': [ '1.1.2' ],
439 silly audit   '@protobufjs/base64': [ '1.1.2' ],
439 silly audit   '@protobufjs/codegen': [ '2.0.5' ],
439 silly audit   '@protobufjs/eventemitter': [ '1.1.1' ],
439 silly audit   '@protobufjs/fetch': [ '1.1.1' ],
439 silly audit   '@protobufjs/float': [ '1.0.2' ],
439 silly audit   '@protobufjs/path': [ '1.1.2' ],
439 silly audit   '@protobufjs/pool': [ '1.1.0' ],
439 silly audit   '@protobufjs/utf8': [ '1.1.2' ],
439 silly audit   '@rolldown/pluginutils': [ '1.0.0-rc.3' ],
439 silly audit   '@rollup/rollup-android-arm-eabi': [ '4.63.0' ],
439 silly audit   '@rollup/rollup-android-arm64': [ '4.63.0' ],
439 silly audit   '@rollup/rollup-darwin-arm64': [ '4.63.0' ],
439 silly audit   '@rollup/rollup-darwin-x64': [ '4.63.0' ],
439 silly audit   '@rollup/rollup-freebsd-arm64': [ '4.63.0' ],
439 silly audit   '@rollup/rollup-freebsd-x64': [ '4.63.0' ],
439 silly audit   '@rollup/rollup-linux-arm-gnueabihf': [ '4.63.0' ],
439 silly audit   '@rollup/rollup-linux-arm-musleabihf': [ '4.63.0' ],
439 silly audit   '@rollup/rollup-linux-arm64-gnu': [ '4.63.0' ],
439 silly audit   '@rollup/rollup-linux-arm64-musl': [ '4.63.0' ],
439 silly audit   '@rollup/rollup-linux-loong64-gnu': [ '4.63.0' ],
439 silly audit   '@rollup/rollup-linux-loong64-musl': [ '4.63.0' ],
439 silly audit   '@rollup/rollup-linux-ppc64-gnu': [ '4.63.0' ],
439 silly audit   '@rollup/rollup-linux-ppc64-musl': [ '4.63.0' ],
439 silly audit   '@rollup/rollup-linux-riscv64-gnu': [ '4.63.0' ],
439 silly audit   '@rollup/rollup-linux-riscv64-musl': [ '4.63.0' ],
439 silly audit   '@rollup/rollup-linux-s390x-gnu': [ '4.63.0' ],
439 silly audit   '@rollup/rollup-linux-x64-gnu': [ '4.63.0' ],
439 silly audit   '@rollup/rollup-linux-x64-musl': [ '4.63.0' ],
439 silly audit   '@rollup/rollup-openbsd-x64': [ '4.63.0' ],
439 silly audit   '@rollup/rollup-openharmony-arm64': [ '4.63.0' ],
439 silly audit   '@rollup/rollup-win32-arm64-msvc': [ '4.63.0' ],
439 silly audit   '@rollup/rollup-win32-ia32-msvc': [ '4.63.0' ],
439 silly audit   '@rollup/rollup-win32-x64-gnu': [ '4.63.0' ],
439 silly audit   '@rollup/rollup-win32-x64-msvc': [ '4.63.0' ],
439 silly audit   '@tailwindcss/node': [ '4.3.3' ],
439 silly audit   '@tailwindcss/oxide': [ '4.3.3' ],
439 silly audit   '@tailwindcss/oxide-android-arm64': [ '4.3.3' ],
439 silly audit   '@tailwindcss/oxide-darwin-arm64': [ '4.3.3' ],
439 silly audit   '@tailwindcss/oxide-darwin-x64': [ '4.3.3' ],
439 silly audit   '@tailwindcss/oxide-freebsd-x64': [ '4.3.3' ],
439 silly audit   '@tailwindcss/oxide-linux-arm-gnueabihf': [ '4.3.3' ],
439 silly audit   '@tailwindcss/oxide-linux-arm64-gnu': [ '4.3.3' ],
439 silly audit   '@tailwindcss/oxide-linux-arm64-musl': [ '4.3.3' ],
439 silly audit   '@tailwindcss/oxide-linux-x64-gnu': [ '4.3.3' ],
439 silly audit   '@tailwindcss/oxide-linux-x64-musl': [ '4.3.3' ],
439 silly audit   '@tailwindcss/oxide-wasm32-wasi': [ '4.3.3' ],
439 silly audit   '@tailwindcss/oxide-win32-arm64-msvc': [ '4.3.3' ],
439 silly audit   '@tailwindcss/oxide-win32-x64-msvc': [ '4.3.3' ],
439 silly audit   '@tailwindcss/vite': [ '4.3.3' ],
439 silly audit   '@types/babel__core': [ '7.20.5' ],
439 silly audit   '@types/babel__generator': [ '7.27.0' ],
439 silly audit   '@types/babel__template': [ '7.4.4' ],
439 silly audit   '@types/babel__traverse': [ '7.28.0' ],
439 silly audit   '@types/body-parser': [ '1.19.6' ],
439 silly audit   '@types/connect': [ '3.4.38' ],
439 silly audit   '@types/estree': [ '1.0.9' ],
439 silly audit   '@types/express': [ '4.17.25' ],
439 silly audit   '@types/express-serve-static-core': [ '4.19.9' ],
439 silly audit   '@types/http-errors': [ '2.0.5' ],
439 silly audit   '@types/mime': [ '1.3.5' ],
439 silly audit   '@types/node': [ '22.20.1' ],
439 silly audit   '@types/qs': [ '6.15.1' ],
439 silly audit   '@types/range-parser': [ '1.2.7' ],
439 silly audit   '@types/retry': [ '0.12.0' ],
439 silly audit   '@types/send': [ '1.2.1', '0.17.6' ],
439 silly audit   '@types/serve-static': [ '1.15.10' ],
439 silly audit   '@vitejs/plugin-react': [ '5.2.0' ],
439 silly audit   accepts: [ '1.3.8' ],
439 silly audit   'agent-base': [ '7.1.4' ],
439 silly audit   'array-flatten': [ '1.1.1' ],
439 silly audit   autoprefixer: [ '10.5.4' ],
439 silly audit   'base64-js': [ '1.5.1' ],
439 silly audit   'baseline-browser-mapping': [ '2.11.19' ],
439 silly audit   'bignumber.js': [ '9.3.1' ],
439 silly audit   'body-parser': [ '1.20.6' ],
439 silly audit   debug: [ '2.6.9', '4.4.3' ],
439 silly audit   ms: [ '2.0.0', '2.1.3' ],
439 silly audit   browserslist: [ '4.28.8' ],
439 silly audit   'buffer-equal-constant-time': [ '1.0.1' ],
439 silly audit   bytes: [ '3.1.2' ],
439 silly audit   'call-bind-apply-helpers': [ '1.0.2' ],
439 silly audit   'call-bound': [ '1.0.4' ],
439 silly audit   'caniuse-lite': [ '1.0.30001810' ],
439 silly audit   'content-disposition': [ '0.5.4' ],
439 silly audit   'content-type': [ '1.0.5' ],
439 silly audit   'convert-source-map': [ '2.0.0' ],
439 silly audit   cookie: [ '0.7.2' ],
439 silly audit   'cookie-signature': [ '1.0.7' ],
439 silly audit   'data-uri-to-buffer': [ '4.0.1' ],
439 silly audit   depd: [ '2.0.0' ],
439 silly audit   destroy: [ '1.2.0' ],
439 silly audit   'detect-libc': [ '2.1.2' ],
439 silly audit   dotenv: [ '17.4.2' ],
439 silly audit   'dunder-proto': [ '1.0.1' ],
439 silly audit   'ecdsa-sig-formatter': [ '1.0.11' ],
439 silly audit   'ee-first': [ '1.1.1' ],
439 silly audit   'electron-to-chromium': [ '1.5.415' ],
439 silly audit   encodeurl: [ '2.0.0' ],
439 silly audit   'enhanced-resolve': [ '5.24.5' ],
439 silly audit   'es-define-property': [ '1.0.1' ],
439 silly audit   'es-errors': [ '1.3.0' ],
439 silly audit   'es-object-atoms': [ '1.1.2' ],
439 silly audit   esbuild: [ '0.25.12', '0.28.2' ],
439 silly audit   escalade: [ '3.2.0' ],
439 silly audit   'escape-html': [ '1.0.3' ],
439 silly audit   etag: [ '1.8.1' ],
439 silly audit   express: [ '4.22.2' ],
439 silly audit   extend: [ '3.0.2' ],
439 silly audit   fdir: [ '6.5.0' ],
439 silly audit   'fetch-blob': [ '3.2.0' ],
439 silly audit   finalhandler: [ '1.3.2' ],
439 silly audit   'formdata-polyfill': [ '4.0.10' ],
439 silly audit   forwarded: [ '0.2.0' ],
439 silly audit   'fraction.js': [ '5.3.4' ],
439 silly audit   'framer-motion': [ '12.43.0' ],
439 silly audit   fresh: [ '0.5.2' ],
439 silly audit   fsevents: [ '2.3.3' ],
439 silly audit   'function-bind': [ '1.1.2' ],
439 silly audit   gaxios: [ '7.3.1' ],
439 silly audit   'gcp-metadata': [ '8.1.2' ],
439 silly audit   gensync: [ '1.0.0-beta.2' ],
439 silly audit   'get-intrinsic': [ '1.3.0' ],
439 silly audit   'get-proto': [ '1.0.1' ],
439 silly audit   'google-auth-library': [ '10.9.1' ],
439 silly audit   'google-logging-utils': [ '1.1.3' ],
439 silly audit   gopd: [ '1.2.0' ],
439 silly audit   'graceful-fs': [ '4.2.11' ],
439 silly audit   'has-symbols': [ '1.1.0' ],
439 silly audit   hasown: [ '2.0.4' ],
439 silly audit   'http-errors': [ '2.0.1' ],
439 silly audit   'https-proxy-agent': [ '7.0.6' ],
439 silly audit   'iconv-lite': [ '0.4.24' ],
439 silly audit   inherits: [ '2.0.4' ],
439 silly audit   'ipaddr.js': [ '1.9.1' ],
439 silly audit   jiti: [ '2.7.0' ],
439 silly audit   'js-tokens': [ '4.0.0' ],
439 silly audit   jsesc: [ '3.1.0' ],
439 silly audit   'json-bigint': [ '1.0.0' ],
439 silly audit   json5: [ '2.2.3' ],
439 silly audit   jwa: [ '2.0.1' ],
439 silly audit   jws: [ '4.0.1' ],
439 silly audit   lightningcss: [ '1.32.0' ],
439 silly audit   'lightningcss-android-arm64': [ '1.32.0' ],
439 silly audit   'lightningcss-darwin-arm64': [ '1.32.0' ],
439 silly audit   'lightningcss-darwin-x64': [ '1.32.0' ],
439 silly audit   'lightningcss-freebsd-x64': [ '1.32.0' ],
439 silly audit   'lightningcss-linux-arm-gnueabihf': [ '1.32.0' ],
439 silly audit   'lightningcss-linux-arm64-gnu': [ '1.32.0' ],
439 silly audit   'lightningcss-linux-arm64-musl': [ '1.32.0' ],
439 silly audit   'lightningcss-linux-x64-gnu': [ '1.32.0' ],
439 silly audit   'lightningcss-linux-x64-musl': [ '1.32.0' ],
439 silly audit   'lightningcss-win32-arm64-msvc': [ '1.32.0' ],
439 silly audit   'lightningcss-win32-x64-msvc': [ '1.32.0' ],
439 silly audit   long: [ '5.3.2' ],
439 silly audit   'lru-cache': [ '5.1.1' ],
439 silly audit   'lucide-react': [ '0.546.0' ],
439 silly audit   'magic-string': [ '0.30.21' ],
439 silly audit   'math-intrinsics': [ '1.1.0' ],
439 silly audit   'media-typer': [ '0.3.0' ],
439 silly audit   'merge-descriptors': [ '1.0.3' ],
439 silly audit   methods: [ '1.1.2' ],
439 silly audit   mime: [ '1.6.0' ],
439 silly audit   'mime-db': [ '1.52.0' ],
439 silly audit   'mime-types': [ '2.1.35' ],
439 silly audit   motion: [ '12.43.0' ],
439 silly audit   'motion-dom': [ '12.43.0' ],
439 silly audit   'motion-utils': [ '12.39.0' ],
439 silly audit   nanoid: [ '3.3.18' ],
439 silly audit   negotiator: [ '0.6.3' ],
439 silly audit   'node-domexception': [ '1.0.0' ],
439 silly audit   'node-fetch': [ '3.3.2' ],
439 silly audit   'node-releases': [ '2.0.53' ],
439 silly audit   'object-inspect': [ '1.13.4' ],
439 silly audit   'on-finished': [ '2.4.1' ],
439 silly audit   'p-retry': [ '4.6.2' ],
439 silly audit   parseurl: [ '1.3.3' ],
439 silly audit   'path-to-regexp': [ '0.1.13' ],
439 silly audit   picocolors: [ '1.1.1' ],
439 silly audit   picomatch: [ '4.0.7' ],
439 silly audit   postcss: [ '8.5.26' ],
439 silly audit   'postcss-value-parser': [ '4.2.0' ],
439 silly audit   protobufjs: [ '7.6.5' ],
439 silly audit   'proxy-addr': [ '2.0.7' ],
439 silly audit   qs: [ '6.15.3' ],
439 silly audit   'range-parser': [ '1.2.1' ],
439 silly audit   'raw-body': [ '2.5.3' ],
439 silly audit   react: [ '19.2.8' ],
439 silly audit   'react-dom': [ '19.2.8' ],
439 silly audit   'react-refresh': [ '0.18.0' ],
439 silly audit   retry: [ '0.13.1' ],
439 silly audit   rollup: [ '4.63.0' ],
439 silly audit   'safe-buffer': [ '5.2.1' ],
439 silly audit   'safer-buffer': [ '2.1.2' ],
439 silly audit   scheduler: [ '0.27.0' ],
439 silly audit   semver: [ '6.3.1' ],
439 silly audit   send: [ '0.19.2' ],
439 silly audit   'serve-static': [ '1.16.3' ],
439 silly audit   setprototypeof: [ '1.2.0' ],
439 silly audit   'side-channel': [ '1.1.1' ],
439 silly audit   'side-channel-list': [ '1.0.1' ],
439 silly audit   'side-channel-map': [ '1.0.1' ],
439 silly audit   'side-channel-weakmap': [ '1.0.2' ],
439 silly audit   'source-map-js': [ '1.2.1' ],
439 silly audit   statuses: [ '2.0.2' ],
439 silly audit   tailwindcss: [ '4.3.3' ],
439 silly audit   tapable: [ '2.3.3' ],
439 silly audit   tinyglobby: [ '0.2.17' ],
439 silly audit   toidentifier: [ '1.0.1' ],
439 silly audit   tslib: [ '2.8.1' ],
439 silly audit   tsx: [ '4.23.12' ],
439 silly audit   'type-is': [ '1.6.18' ],
439 silly audit   typescript: [ '5.8.3' ],
439 silly audit   'undici-types': [ '6.21.0' ],
439 silly audit   unpipe: [ '1.0.0' ],
439 silly audit   'update-browserslist-db': [ '1.3.1' ],
439 silly audit   'utils-merge': [ '1.0.1' ],
439 silly audit   vary: [ '1.1.2' ],
439 silly audit   vite: [ '6.4.3' ],
439 silly audit   'web-streams-polyfill': [ '3.3.3' ],
439 silly audit   ws: [ '8.21.3' ],
439 silly audit   yallist: [ '3.1.1' ],
439 silly audit   firebase: [ '12.18.0' ],
439 silly audit   '@firebase/ai': [ '2.15.0' ],
439 silly audit   '@firebase/app': [ '0.16.1' ],
439 silly audit   '@firebase/app-types': [ '0.9.6' ],
439 silly audit   '@firebase/analytics': [ '0.10.24' ],
439 silly audit   '@firebase/analytics-compat': [ '0.2.30' ],
439 silly audit   '@firebase/app-compat': [ '0.5.17' ],
439 silly audit   '@firebase/app-check': [ '0.13.1' ],
439 silly audit   '@firebase/app-check-compat': [ '0.4.7' ],
439 silly audit   '@firebase/auth': [ '1.13.5' ],
439 silly audit   '@firebase/auth-compat': [ '0.6.10' ],
439 silly audit   '@firebase/data-connect': [ '0.7.4' ],
439 silly audit   '@firebase/database': [ '1.1.5' ],
439 silly audit   '@firebase/database-compat': [ '2.1.7' ],
439 silly audit   '@firebase/firestore': [ '4.17.1' ],
439 silly audit   '@firebase/firestore-compat': [ '0.4.13' ],
439 silly audit   '@firebase/functions': [ '0.14.0' ],
439 silly audit   '@firebase/functions-compat': [ '0.5.0' ],
439 silly audit   '@firebase/installations': [ '0.6.24' ],
439 silly audit   '@firebase/installations-compat': [ '0.2.24' ],
439 silly audit   '@firebase/messaging': [ '0.13.2' ],
439 silly audit   '@firebase/messaging-compat': [ '0.2.29' ],
439 silly audit   '@firebase/performance': [ '0.7.14' ],
439 silly audit   '@firebase/performance-compat': [ '0.2.27' ],
439 silly audit   '@firebase/remote-config': [ '0.9.2' ],
439 silly audit   '@firebase/remote-config-compat': [ '0.2.29' ],
439 silly audit   '@firebase/storage': [ '0.14.5' ],
439 silly audit   '@firebase/storage-compat': [ '0.4.5' ],
439 silly audit   '@firebase/util': [ '1.15.3' ],
439 silly audit   '@firebase/app-check-interop-types': [ '0.3.5' ],
439 silly audit   '@firebase/component': [ '0.7.5' ],
439 silly audit   '@firebase/logger': [ '0.5.2' ],
439 silly audit   '@firebase/analytics-types': [ '0.8.5' ],
439 silly audit   idb: [ '7.1.1' ],
439 silly audit   '@firebase/app-check-types': [ '0.5.5' ],
439 silly audit   '@firebase/auth-types': [ '0.13.2' ],
439 silly audit   '@firebase/auth-interop-types': [ '0.2.6' ],
439 silly audit   'faye-websocket': [ '0.11.4' ],
439 silly audit   '@firebase/database-types': [ '1.0.22' ],
439 silly audit   '@firebase/webchannel-wrapper': [ '1.0.7' ],
439 silly audit   '@grpc/grpc-js': [ '1.9.16' ],
439 silly audit   '@grpc/proto-loader': [ '0.7.15' ],
439 silly audit   re2js: [ '2.8.6' ],
439 silly audit   '@firebase/firestore-types': [ '3.0.5' ],
439 silly audit   '@firebase/messaging-interop-types': [ '0.2.6' ],
439 silly audit   '@firebase/functions-types': [ '0.6.5' ],
439 silly audit   '@firebase/installations-types': [ '0.5.5' ],
439 silly audit   'web-vitals': [ '4.2.4' ],
439 silly audit   '@firebase/performance-types': [ '0.2.5' ],
439 silly audit   '@firebase/remote-config-types': [ '0.5.2' ],
439 silly audit   '@firebase/storage-types': [ '0.8.5' ],
439 silly audit   'lodash.camelcase': [ '4.3.0' ],
439 silly audit   yargs: [ '17.7.3' ],
439 silly audit   'websocket-driver': [ '0.7.5' ],
439 silly audit   'http-parser-js': [ '0.5.10' ],
439 silly audit   'websocket-extensions': [ '0.1.4' ],
439 silly audit   cliui: [ '8.0.1' ],
439 silly audit   'get-caller-file': [ '2.0.5' ],
439 silly audit   'require-directory': [ '2.1.1' ],
439 silly audit   'string-width': [ '4.2.3' ],
439 silly audit   y18n: [ '5.0.8' ],
439 silly audit   'yargs-parser': [ '21.1.1' ],
439 silly audit   'strip-ansi': [ '6.0.1' ],
439 silly audit   'wrap-ansi': [ '7.0.0' ],
439 silly audit   'emoji-regex': [ '8.0.0' ],
439 silly audit   'is-fullwidth-code-point': [ '3.0.0' ],
439 silly audit   'ansi-regex': [ '5.0.1' ],
439 silly audit   'ansi-styles': [ '4.3.0' ],
439 silly audit   'color-convert': [ '2.0.1' ],
439 silly audit   'color-name': [ '1.1.4' ]
439 silly audit }
440 http cache color-name@https://registry.npmjs.org/color-name/-/color-name-1.1.4.tgz 0ms (cache hit)
441 http cache color-convert@https://registry.npmjs.org/color-convert/-/color-convert-2.0.1.tgz 0ms (cache hit)
442 http cache ansi-regex@https://registry.npmjs.org/ansi-regex/-/ansi-regex-5.0.1.tgz 0ms (cache hit)
443 http cache ansi-styles@https://registry.npmjs.org/ansi-styles/-/ansi-styles-4.3.0.tgz 0ms (cache hit)
444 http cache is-fullwidth-code-point@https://registry.npmjs.org/is-fullwidth-code-point/-/is-fullwidth-code-point-3.0.0.tgz 0ms (cache hit)
445 http cache emoji-regex@https://registry.npmjs.org/emoji-regex/-/emoji-regex-8.0.0.tgz 0ms (cache hit)
446 http cache wrap-ansi@https://registry.npmjs.org/wrap-ansi/-/wrap-ansi-7.0.0.tgz 0ms (cache hit)
447 http cache yargs-parser@https://registry.npmjs.org/yargs-parser/-/yargs-parser-21.1.1.tgz 0ms (cache hit)
448 http cache y18n@https://registry.npmjs.org/y18n/-/y18n-5.0.8.tgz 0ms (cache hit)
449 http cache string-width@https://registry.npmjs.org/string-width/-/string-width-4.2.3.tgz 0ms (cache hit)
450 http cache cliui@https://registry.npmjs.org/cliui/-/cliui-8.0.1.tgz 0ms (cache hit)
451 http cache websocket-extensions@https://registry.npmjs.org/websocket-extensions/-/websocket-extensions-0.1.4.tgz 0ms (cache hit)
452 http cache strip-ansi@https://registry.npmjs.org/strip-ansi/-/strip-ansi-6.0.1.tgz 0ms (cache hit)
453 http cache http-parser-js@https://registry.npmjs.org/http-parser-js/-/http-parser-js-0.5.10.tgz 0ms (cache hit)
454 http cache websocket-driver@https://registry.npmjs.org/websocket-driver/-/websocket-driver-0.7.5.tgz 0ms (cache hit)
455 http cache yargs@https://registry.npmjs.org/yargs/-/yargs-17.7.3.tgz 0ms (cache hit)
456 http cache lodash.camelcase@https://registry.npmjs.org/lodash.camelcase/-/lodash.camelcase-4.3.0.tgz 0ms (cache hit)
457 http cache @firebase/storage-types@https://registry.npmjs.org/@firebase/storage-types/-/storage-types-0.8.5.tgz 0ms (cache hit)
458 http cache @firebase/remote-config-types@https://registry.npmjs.org/@firebase/remote-config-types/-/remote-config-types-0.5.2.tgz 0ms (cache hit)
459 http cache require-directory@https://registry.npmjs.org/require-directory/-/require-directory-2.1.1.tgz 0ms (cache hit)
460 http cache @firebase/performance-types@https://registry.npmjs.org/@firebase/performance-types/-/performance-types-0.2.5.tgz 0ms (cache hit)
461 http cache web-vitals@https://registry.npmjs.org/web-vitals/-/web-vitals-4.2.4.tgz 0ms (cache hit)
462 http cache get-caller-file@https://registry.npmjs.org/get-caller-file/-/get-caller-file-2.0.5.tgz 0ms (cache hit)
463 http cache @firebase/functions-types@https://registry.npmjs.org/@firebase/functions-types/-/functions-types-0.6.5.tgz 0ms (cache hit)
464 http cache @firebase/messaging-interop-types@https://registry.npmjs.org/@firebase/messaging-interop-types/-/messaging-interop-types-0.2.6.tgz 0ms (cache hit)
465 http cache re2js@https://registry.npmjs.org/re2js/-/re2js-2.8.6.tgz 0ms (cache hit)
466 http cache @firebase/firestore-types@https://registry.npmjs.org/@firebase/firestore-types/-/firestore-types-3.0.5.tgz 0ms (cache hit)
467 http cache @grpc/proto-loader@https://registry.npmjs.org/@grpc/proto-loader/-/proto-loader-0.7.15.tgz 0ms (cache hit)
468 http cache @firebase/installations-types@https://registry.npmjs.org/@firebase/installations-types/-/installations-types-0.5.5.tgz 0ms (cache hit)
469 http cache @grpc/grpc-js@https://registry.npmjs.org/@grpc/grpc-js/-/grpc-js-1.9.16.tgz 0ms (cache hit)
470 http cache @firebase/webchannel-wrapper@https://registry.npmjs.org/@firebase/webchannel-wrapper/-/webchannel-wrapper-1.0.7.tgz 0ms (cache hit)
471 http cache @firebase/database-types@https://registry.npmjs.org/@firebase/database-types/-/database-types-1.0.22.tgz 0ms (cache hit)
472 http cache @firebase/auth-types@https://registry.npmjs.org/@firebase/auth-types/-/auth-types-0.13.2.tgz 0ms (cache hit)
473 http cache @firebase/auth-interop-types@https://registry.npmjs.org/@firebase/auth-interop-types/-/auth-interop-types-0.2.6.tgz 0ms (cache hit)
474 http cache @firebase/app-check-types@https://registry.npmjs.org/@firebase/app-check-types/-/app-check-types-0.5.5.tgz 0ms (cache hit)
475 http cache idb@https://registry.npmjs.org/idb/-/idb-7.1.1.tgz 0ms (cache hit)
476 http cache @firebase/analytics-types@https://registry.npmjs.org/@firebase/analytics-types/-/analytics-types-0.8.5.tgz 0ms (cache hit)
477 http cache @firebase/logger@https://registry.npmjs.org/@firebase/logger/-/logger-0.5.2.tgz 0ms (cache hit)
478 http cache @firebase/component@https://registry.npmjs.org/@firebase/component/-/component-0.7.5.tgz 0ms (cache hit)
479 http cache @firebase/app-check-interop-types@https://registry.npmjs.org/@firebase/app-check-interop-types/-/app-check-interop-types-0.3.5.tgz 0ms (cache hit)
480 http cache @firebase/util@https://registry.npmjs.org/@firebase/util/-/util-1.15.3.tgz 0ms (cache hit)
481 http cache @firebase/storage@https://registry.npmjs.org/@firebase/storage/-/storage-0.14.5.tgz 0ms (cache hit)
482 http cache @firebase/remote-config-compat@https://registry.npmjs.org/@firebase/remote-config-compat/-/remote-config-compat-0.2.29.tgz 0ms (cache hit)
483 http cache @firebase/remote-config@https://registry.npmjs.org/@firebase/remote-config/-/remote-config-0.9.2.tgz 0ms (cache hit)
484 http cache @firebase/performance-compat@https://registry.npmjs.org/@firebase/performance-compat/-/performance-compat-0.2.27.tgz 0ms (cache hit)
485 http cache faye-websocket@https://registry.npmjs.org/faye-websocket/-/faye-websocket-0.11.4.tgz 0ms (cache hit)
486 http cache @firebase/performance@https://registry.npmjs.org/@firebase/performance/-/performance-0.7.14.tgz 0ms (cache hit)
487 http cache @firebase/storage-compat@https://registry.npmjs.org/@firebase/storage-compat/-/storage-compat-0.4.5.tgz 0ms (cache hit)
488 http cache @firebase/installations-compat@https://registry.npmjs.org/@firebase/installations-compat/-/installations-compat-0.2.24.tgz 0ms (cache hit)
489 http cache @firebase/installations@https://registry.npmjs.org/@firebase/installations/-/installations-0.6.24.tgz 0ms (cache hit)
490 http cache @firebase/functions-compat@https://registry.npmjs.org/@firebase/functions-compat/-/functions-compat-0.5.0.tgz 0ms (cache hit)
491 http cache @firebase/messaging-compat@https://registry.npmjs.org/@firebase/messaging-compat/-/messaging-compat-0.2.29.tgz 0ms (cache hit)
492 http cache @firebase/functions@https://registry.npmjs.org/@firebase/functions/-/functions-0.14.0.tgz 0ms (cache hit)
493 http cache @firebase/firestore-compat@https://registry.npmjs.org/@firebase/firestore-compat/-/firestore-compat-0.4.13.tgz 0ms (cache hit)
494 http cache @firebase/firestore@https://registry.npmjs.org/@firebase/firestore/-/firestore-4.17.1.tgz 0ms (cache hit)
495 http cache @firebase/database@https://registry.npmjs.org/@firebase/database/-/database-1.1.5.tgz 0ms (cache hit)
496 http cache @firebase/data-connect@https://registry.npmjs.org/@firebase/data-connect/-/data-connect-0.7.4.tgz 0ms (cache hit)
497 http cache @firebase/messaging@https://registry.npmjs.org/@firebase/messaging/-/messaging-0.13.2.tgz 0ms (cache hit)
498 http cache @firebase/auth@https://registry.npmjs.org/@firebase/auth/-/auth-1.13.5.tgz 0ms (cache hit)
499 http cache @firebase/auth-compat@https://registry.npmjs.org/@firebase/auth-compat/-/auth-compat-0.6.10.tgz 0ms (cache hit)
500 http cache @firebase/database-compat@https://registry.npmjs.org/@firebase/database-compat/-/database-compat-2.1.7.tgz 0ms (cache hit)
501 http cache @firebase/app-check@https://registry.npmjs.org/@firebase/app-check/-/app-check-0.13.1.tgz 0ms (cache hit)
502 http cache @firebase/analytics@https://registry.npmjs.org/@firebase/analytics/-/analytics-0.10.24.tgz 0ms (cache hit)
503 http cache @firebase/app-check-compat@https://registry.npmjs.org/@firebase/app-check-compat/-/app-check-compat-0.4.7.tgz 0ms (cache hit)
504 http cache @firebase/app-compat@https://registry.npmjs.org/@firebase/app-compat/-/app-compat-0.5.17.tgz 0ms (cache hit)
505 http cache @firebase/analytics-compat@https://registry.npmjs.org/@firebase/analytics-compat/-/analytics-compat-0.2.30.tgz 0ms (cache hit)
506 http cache @firebase/app@https://registry.npmjs.org/@firebase/app/-/app-0.16.1.tgz 0ms (cache hit)
507 http cache @firebase/app-types@https://registry.npmjs.org/@firebase/app-types/-/app-types-0.9.6.tgz 0ms (cache hit)
508 http cache firebase@https://registry.npmjs.org/firebase/-/firebase-12.18.0.tgz 0ms (cache hit)
509 http cache fsevents@https://registry.npmjs.org/fsevents/-/fsevents-2.3.3.tgz 0ms (cache hit)
510 http cache @firebase/ai@https://registry.npmjs.org/@firebase/ai/-/ai-2.15.0.tgz 0ms (cache hit)
511 silly tarball no local data for color-name@https://registry.npmjs.org/color-name/-/color-name-1.1.4.tgz. Extracting by manifest.
512 silly tarball no local data for color-convert@https://registry.npmjs.org/color-convert/-/color-convert-2.0.1.tgz. Extracting by manifest.
513 silly tarball no local data for ansi-regex@https://registry.npmjs.org/ansi-regex/-/ansi-regex-5.0.1.tgz. Extracting by manifest.
514 silly tarball no local data for ansi-styles@https://registry.npmjs.org/ansi-styles/-/ansi-styles-4.3.0.tgz. Extracting by manifest.
515 silly tarball no local data for is-fullwidth-code-point@https://registry.npmjs.org/is-fullwidth-code-point/-/is-fullwidth-code-point-3.0.0.tgz. Extracting by manifest.
516 silly tarball no local data for emoji-regex@https://registry.npmjs.org/emoji-regex/-/emoji-regex-8.0.0.tgz. Extracting by manifest.
517 silly tarball no local data for wrap-ansi@https://registry.npmjs.org/wrap-ansi/-/wrap-ansi-7.0.0.tgz. Extracting by manifest.
518 silly tarball no local data for yargs-parser@https://registry.npmjs.org/yargs-parser/-/yargs-parser-21.1.1.tgz. Extracting by manifest.
519 silly tarball no local data for y18n@https://registry.npmjs.org/y18n/-/y18n-5.0.8.tgz. Extracting by manifest.
520 silly tarball no local data for string-width@https://registry.npmjs.org/string-width/-/string-width-4.2.3.tgz. Extracting by manifest.
521 silly tarball no local data for cliui@https://registry.npmjs.org/cliui/-/cliui-8.0.1.tgz. Extracting by manifest.
522 silly tarball no local data for websocket-extensions@https://registry.npmjs.org/websocket-extensions/-/websocket-extensions-0.1.4.tgz. Extracting by manifest.
523 silly tarball no local data for strip-ansi@https://registry.npmjs.org/strip-ansi/-/strip-ansi-6.0.1.tgz. Extracting by manifest.
524 silly tarball no local data for http-parser-js@https://registry.npmjs.org/http-parser-js/-/http-parser-js-0.5.10.tgz. Extracting by manifest.
525 silly tarball no local data for websocket-driver@https://registry.npmjs.org/websocket-driver/-/websocket-driver-0.7.5.tgz. Extracting by manifest.
526 silly tarball no local data for yargs@https://registry.npmjs.org/yargs/-/yargs-17.7.3.tgz. Extracting by manifest.
527 silly tarball no local data for lodash.camelcase@https://registry.npmjs.org/lodash.camelcase/-/lodash.camelcase-4.3.0.tgz. Extracting by manifest.
528 silly tarball no local data for @firebase/storage-types@https://registry.npmjs.org/@firebase/storage-types/-/storage-types-0.8.5.tgz. Extracting by manifest.
529 silly tarball no local data for @firebase/remote-config-types@https://registry.npmjs.org/@firebase/remote-config-types/-/remote-config-types-0.5.2.tgz. Extracting by manifest.
530 silly tarball no local data for require-directory@https://registry.npmjs.org/require-directory/-/require-directory-2.1.1.tgz. Extracting by manifest.
531 silly tarball no local data for @firebase/performance-types@https://registry.npmjs.org/@firebase/performance-types/-/performance-types-0.2.5.tgz. Extracting by manifest.
532 silly tarball no local data for web-vitals@https://registry.npmjs.org/web-vitals/-/web-vitals-4.2.4.tgz. Extracting by manifest.
533 silly tarball no local data for get-caller-file@https://registry.npmjs.org/get-caller-file/-/get-caller-file-2.0.5.tgz. Extracting by manifest.
534 silly tarball no local data for @firebase/functions-types@https://registry.npmjs.org/@firebase/functions-types/-/functions-types-0.6.5.tgz. Extracting by manifest.
535 silly tarball no local data for @firebase/messaging-interop-types@https://registry.npmjs.org/@firebase/messaging-interop-types/-/messaging-interop-types-0.2.6.tgz. Extracting by manifest.
536 silly tarball no local data for re2js@https://registry.npmjs.org/re2js/-/re2js-2.8.6.tgz. Extracting by manifest.
537 silly tarball no local data for @firebase/firestore-types@https://registry.npmjs.org/@firebase/firestore-types/-/firestore-types-3.0.5.tgz. Extracting by manifest.
538 silly tarball no local data for @grpc/proto-loader@https://registry.npmjs.org/@grpc/proto-loader/-/proto-loader-0.7.15.tgz. Extracting by manifest.
539 silly tarball no local data for @firebase/installations-types@https://registry.npmjs.org/@firebase/installations-types/-/installations-types-0.5.5.tgz. Extracting by manifest.
540 silly tarball no local data for @grpc/grpc-js@https://registry.npmjs.org/@grpc/grpc-js/-/grpc-js-1.9.16.tgz. Extracting by manifest.
541 silly tarball no local data for @firebase/webchannel-wrapper@https://registry.npmjs.org/@firebase/webchannel-wrapper/-/webchannel-wrapper-1.0.7.tgz. Extracting by manifest.
542 silly tarball no local data for @firebase/database-types@https://registry.npmjs.org/@firebase/database-types/-/database-types-1.0.22.tgz. Extracting by manifest.
543 silly tarball no local data for @firebase/auth-types@https://registry.npmjs.org/@firebase/auth-types/-/auth-types-0.13.2.tgz. Extracting by manifest.
544 silly tarball no local data for @firebase/auth-interop-types@https://registry.npmjs.org/@firebase/auth-interop-types/-/auth-interop-types-0.2.6.tgz. Extracting by manifest.
545 silly tarball no local data for @firebase/app-check-types@https://registry.npmjs.org/@firebase/app-check-types/-/app-check-types-0.5.5.tgz. Extracting by manifest.
546 silly tarball no local data for idb@https://registry.npmjs.org/idb/-/idb-7.1.1.tgz. Extracting by manifest.
547 silly tarball no local data for @firebase/analytics-types@https://registry.npmjs.org/@firebase/analytics-types/-/analytics-types-0.8.5.tgz. Extracting by manifest.
548 silly tarball no local data for @firebase/logger@https://registry.npmjs.org/@firebase/logger/-/logger-0.5.2.tgz. Extracting by manifest.
549 silly tarball no local data for @firebase/component@https://registry.npmjs.org/@firebase/component/-/component-0.7.5.tgz. Extracting by manifest.
550 silly tarball no local data for @firebase/app-check-interop-types@https://registry.npmjs.org/@firebase/app-check-interop-types/-/app-check-interop-types-0.3.5.tgz. Extracting by manifest.
551 silly tarball no local data for @firebase/util@https://registry.npmjs.org/@firebase/util/-/util-1.15.3.tgz. Extracting by manifest.
552 silly tarball no local data for @firebase/storage@https://registry.npmjs.org/@firebase/storage/-/storage-0.14.5.tgz. Extracting by manifest.
553 silly tarball no local data for @firebase/remote-config-compat@https://registry.npmjs.org/@firebase/remote-config-compat/-/remote-config-compat-0.2.29.tgz. Extracting by manifest.
554 silly tarball no local data for @firebase/remote-config@https://registry.npmjs.org/@firebase/remote-config/-/remote-config-0.9.2.tgz. Extracting by manifest.
555 silly tarball no local data for @firebase/performance-compat@https://registry.npmjs.org/@firebase/performance-compat/-/performance-compat-0.2.27.tgz. Extracting by manifest.
556 silly tarball no local data for faye-websocket@https://registry.npmjs.org/faye-websocket/-/faye-websocket-0.11.4.tgz. Extracting by manifest.
557 silly tarball no local data for @firebase/performance@https://registry.npmjs.org/@firebase/performance/-/performance-0.7.14.tgz. Extracting by manifest.
558 silly tarball no local data for @firebase/storage-compat@https://registry.npmjs.org/@firebase/storage-compat/-/storage-compat-0.4.5.tgz. Extracting by manifest.
559 silly tarball no local data for @firebase/installations-compat@https://registry.npmjs.org/@firebase/installations-compat/-/installations-compat-0.2.24.tgz. Extracting by manifest.
560 silly tarball no local data for @firebase/installations@https://registry.npmjs.org/@firebase/installations/-/installations-0.6.24.tgz. Extracting by manifest.
561 silly tarball no local data for @firebase/functions-compat@https://registry.npmjs.org/@firebase/functions-compat/-/functions-compat-0.5.0.tgz. Extracting by manifest.
562 silly tarball no local data for @firebase/messaging-compat@https://registry.npmjs.org/@firebase/messaging-compat/-/messaging-compat-0.2.29.tgz. Extracting by manifest.
563 silly tarball no local data for @firebase/functions@https://registry.npmjs.org/@firebase/functions/-/functions-0.14.0.tgz. Extracting by manifest.
564 silly tarball no local data for @firebase/firestore-compat@https://registry.npmjs.org/@firebase/firestore-compat/-/firestore-compat-0.4.13.tgz. Extracting by manifest.
565 silly tarball no local data for @firebase/firestore@https://registry.npmjs.org/@firebase/firestore/-/firestore-4.17.1.tgz. Extracting by manifest.
566 silly tarball no local data for @firebase/database@https://registry.npmjs.org/@firebase/database/-/database-1.1.5.tgz. Extracting by manifest.
567 silly tarball no local data for @firebase/data-connect@https://registry.npmjs.org/@firebase/data-connect/-/data-connect-0.7.4.tgz. Extracting by manifest.
568 silly tarball no local data for @firebase/messaging@https://registry.npmjs.org/@firebase/messaging/-/messaging-0.13.2.tgz. Extracting by manifest.
569 silly tarball no local data for @firebase/auth@https://registry.npmjs.org/@firebase/auth/-/auth-1.13.5.tgz. Extracting by manifest.
570 silly tarball no local data for @firebase/auth-compat@https://registry.npmjs.org/@firebase/auth-compat/-/auth-compat-0.6.10.tgz. Extracting by manifest.
571 silly tarball no local data for @firebase/database-compat@https://registry.npmjs.org/@firebase/database-compat/-/database-compat-2.1.7.tgz. Extracting by manifest.
572 silly tarball no local data for @firebase/app-check@https://registry.npmjs.org/@firebase/app-check/-/app-check-0.13.1.tgz. Extracting by manifest.
573 silly tarball no local data for @firebase/analytics@https://registry.npmjs.org/@firebase/analytics/-/analytics-0.10.24.tgz. Extracting by manifest.
574 silly tarball no local data for @firebase/app-check-compat@https://registry.npmjs.org/@firebase/app-check-compat/-/app-check-compat-0.4.7.tgz. Extracting by manifest.
575 silly tarball no local data for @firebase/app-compat@https://registry.npmjs.org/@firebase/app-compat/-/app-compat-0.5.17.tgz. Extracting by manifest.
576 silly tarball no local data for @firebase/analytics-compat@https://registry.npmjs.org/@firebase/analytics-compat/-/analytics-compat-0.2.30.tgz. Extracting by manifest.
577 silly tarball no local data for @firebase/app@https://registry.npmjs.org/@firebase/app/-/app-0.16.1.tgz. Extracting by manifest.
578 silly tarball no local data for @firebase/app-types@https://registry.npmjs.org/@firebase/app-types/-/app-types-0.9.6.tgz. Extracting by manifest.
579 silly tarball no local data for firebase@https://registry.npmjs.org/firebase/-/firebase-12.18.0.tgz. Extracting by manifest.
580 silly tarball no local data for fsevents@https://registry.npmjs.org/fsevents/-/fsevents-2.3.3.tgz. Extracting by manifest.
581 silly tarball no local data for @firebase/ai@https://registry.npmjs.org/@firebase/ai/-/ai-2.15.0.tgz. Extracting by manifest.
582 http fetch GET 200 https://registry.npmjs.org/color-name/-/color-name-1.1.4.tgz 34ms (cache miss)
583 http fetch GET 200 https://registry.npmjs.org/is-fullwidth-code-point/-/is-fullwidth-code-point-3.0.0.tgz 44ms (cache miss)
584 http fetch GET 200 https://registry.npmjs.org/ansi-regex/-/ansi-regex-5.0.1.tgz 45ms (cache miss)
585 http fetch GET 200 https://registry.npmjs.org/emoji-regex/-/emoji-regex-8.0.0.tgz 54ms (cache miss)
586 http fetch GET 200 https://registry.npmjs.org/wrap-ansi/-/wrap-ansi-7.0.0.tgz 54ms (cache miss)
587 http fetch GET 200 https://registry.npmjs.org/ansi-styles/-/ansi-styles-4.3.0.tgz 55ms (cache miss)
588 http fetch GET 200 https://registry.npmjs.org/color-convert/-/color-convert-2.0.1.tgz 55ms (cache miss)
589 http fetch GET 200 https://registry.npmjs.org/yargs-parser/-/yargs-parser-21.1.1.tgz 55ms (cache miss)
590 http fetch GET 200 https://registry.npmjs.org/websocket-driver/-/websocket-driver-0.7.5.tgz 59ms (cache miss)
591 http fetch GET 200 https://registry.npmjs.org/lodash.camelcase/-/lodash.camelcase-4.3.0.tgz 71ms (cache miss)
592 http fetch GET 200 https://registry.npmjs.org/require-directory/-/require-directory-2.1.1.tgz 72ms (cache miss)
593 http fetch GET 200 https://registry.npmjs.org/@firebase/storage-types/-/storage-types-0.8.5.tgz 81ms (cache miss)
594 http fetch GET 200 https://registry.npmjs.org/get-caller-file/-/get-caller-file-2.0.5.tgz 81ms (cache miss)
595 http fetch GET 200 https://registry.npmjs.org/@firebase/performance-types/-/performance-types-0.2.5.tgz 84ms (cache miss)
596 http fetch GET 200 https://registry.npmjs.org/string-width/-/string-width-4.2.3.tgz 88ms (cache miss)
597 http fetch GET 200 https://registry.npmjs.org/websocket-extensions/-/websocket-extensions-0.1.4.tgz 94ms (cache miss)
598 http fetch GET 200 https://registry.npmjs.org/strip-ansi/-/strip-ansi-6.0.1.tgz 171ms (cache miss)
599 http fetch GET 200 https://registry.npmjs.org/@firebase/functions-types/-/functions-types-0.6.5.tgz 170ms (cache miss)
600 http fetch GET 200 https://registry.npmjs.org/http-parser-js/-/http-parser-js-0.5.10.tgz 171ms (cache miss)
601 http fetch GET 200 https://registry.npmjs.org/cliui/-/cliui-8.0.1.tgz 172ms (cache miss)
602 http fetch GET 200 https://registry.npmjs.org/y18n/-/y18n-5.0.8.tgz 172ms (cache miss)
603 http fetch GET 200 https://registry.npmjs.org/web-vitals/-/web-vitals-4.2.4.tgz 184ms (cache miss)
604 http fetch GET 200 https://registry.npmjs.org/re2js/-/re2js-2.8.6.tgz 184ms (cache miss)
605 http fetch GET 200 https://registry.npmjs.org/idb/-/idb-7.1.1.tgz 196ms (cache miss)
606 http fetch GET 200 https://registry.npmjs.org/@firebase/auth-interop-types/-/auth-interop-types-0.2.6.tgz 198ms (cache miss)
607 http fetch GET 200 https://registry.npmjs.org/@firebase/auth-types/-/auth-types-0.13.2.tgz 201ms (cache miss)
608 http fetch GET 200 https://registry.npmjs.org/@firebase/database-types/-/database-types-1.0.22.tgz 204ms (cache miss)
609 http fetch GET 200 https://registry.npmjs.org/@firebase/app-check-types/-/app-check-types-0.5.5.tgz 206ms (cache miss)
610 http fetch GET 200 https://registry.npmjs.org/@firebase/analytics-types/-/analytics-types-0.8.5.tgz 208ms (cache miss)
611 http fetch POST 200 https://registry.npmjs.org/-/npm/v1/security/advisories/bulk 238ms
612 silly audit report {}
613 http fetch GET 200 https://registry.npmjs.org/@firebase/logger/-/logger-0.5.2.tgz 223ms (cache miss)
614 http fetch GET 200 https://registry.npmjs.org/@firebase/component/-/component-0.7.5.tgz 233ms (cache miss)
615 http fetch GET 200 https://registry.npmjs.org/@firebase/remote-config-compat/-/remote-config-compat-0.2.29.tgz 240ms (cache miss)
616 http fetch GET 200 https://registry.npmjs.org/faye-websocket/-/faye-websocket-0.11.4.tgz 256ms (cache miss)
617 http fetch GET 200 https://registry.npmjs.org/@firebase/remote-config/-/remote-config-0.9.2.tgz 275ms (cache miss)
618 http fetch GET 200 https://registry.npmjs.org/@firebase/installations-compat/-/installations-compat-0.2.24.tgz 287ms (cache miss)
619 http fetch GET 200 https://registry.npmjs.org/@firebase/util/-/util-1.15.3.tgz 292ms (cache miss)
620 http fetch GET 200 https://registry.npmjs.org/@firebase/remote-config-types/-/remote-config-types-0.5.2.tgz 299ms (cache miss)
621 http fetch GET 200 https://registry.npmjs.org/@firebase/storage-compat/-/storage-compat-0.4.5.tgz 299ms (cache miss)
622 http fetch GET 200 https://registry.npmjs.org/@firebase/performance/-/performance-0.7.14.tgz 304ms (cache miss)
623 http fetch GET 200 https://registry.npmjs.org/yargs/-/yargs-17.7.3.tgz 311ms (cache miss)
624 http fetch GET 200 https://registry.npmjs.org/@firebase/firestore-types/-/firestore-types-3.0.5.tgz 312ms (cache miss)
625 http fetch GET 200 https://registry.npmjs.org/@firebase/storage/-/storage-0.14.5.tgz 313ms (cache miss)
626 http fetch GET 200 https://registry.npmjs.org/@firebase/messaging-compat/-/messaging-compat-0.2.29.tgz 321ms (cache miss)
627 http fetch GET 200 https://registry.npmjs.org/@firebase/installations-types/-/installations-types-0.5.5.tgz 323ms (cache miss)
628 http fetch GET 200 https://registry.npmjs.org/@firebase/messaging-interop-types/-/messaging-interop-types-0.2.6.tgz 326ms (cache miss)
629 http fetch GET 200 https://registry.npmjs.org/@grpc/proto-loader/-/proto-loader-0.7.15.tgz 331ms (cache miss)
630 http fetch GET 200 https://registry.npmjs.org/@firebase/installations/-/installations-0.6.24.tgz 339ms (cache miss)
631 http fetch GET 200 https://registry.npmjs.org/@firebase/firestore-compat/-/firestore-compat-0.4.13.tgz 364ms (cache miss)
632 http fetch GET 200 https://registry.npmjs.org/@firebase/app-check/-/app-check-0.13.1.tgz 432ms (cache miss)
633 http fetch GET 200 https://registry.npmjs.org/@firebase/auth-compat/-/auth-compat-0.6.10.tgz 436ms (cache miss)
634 http fetch GET 200 https://registry.npmjs.org/@firebase/database-compat/-/database-compat-2.1.7.tgz 440ms (cache miss)
635 http fetch GET 200 https://registry.npmjs.org/@firebase/analytics-compat/-/analytics-compat-0.2.30.tgz 441ms (cache miss)
636 http fetch GET 200 https://registry.npmjs.org/@firebase/messaging/-/messaging-0.13.2.tgz 445ms (cache miss)
637 http fetch GET 200 https://registry.npmjs.org/@firebase/app-check-interop-types/-/app-check-interop-types-0.3.5.tgz 450ms (cache miss)
638 http fetch GET 200 https://registry.npmjs.org/@firebase/performance-compat/-/performance-compat-0.2.27.tgz 470ms (cache miss)
639 http fetch GET 200 https://registry.npmjs.org/@firebase/app/-/app-0.16.1.tgz 476ms (cache miss)
640 http fetch GET 200 https://registry.npmjs.org/@firebase/app-types/-/app-types-0.9.6.tgz 494ms (cache miss)
641 http fetch GET 200 https://registry.npmjs.org/@firebase/functions-compat/-/functions-compat-0.5.0.tgz 530ms (cache miss)
642 http fetch GET 200 https://registry.npmjs.org/fsevents/-/fsevents-2.3.3.tgz 537ms (cache miss)
643 http fetch GET 200 https://registry.npmjs.org/@firebase/functions/-/functions-0.14.0.tgz 572ms (cache miss)
644 http fetch GET 200 https://registry.npmjs.org/@firebase/database/-/database-1.1.5.tgz 586ms (cache miss)
645 http fetch GET 200 https://registry.npmjs.org/@grpc/grpc-js/-/grpc-js-1.9.16.tgz 590ms (cache miss)
646 http fetch GET 200 https://registry.npmjs.org/@firebase/data-connect/-/data-connect-0.7.4.tgz 593ms (cache miss)
647 http fetch GET 200 https://registry.npmjs.org/@firebase/analytics/-/analytics-0.10.24.tgz 621ms (cache miss)
648 http fetch GET 200 https://registry.npmjs.org/@firebase/app-check-compat/-/app-check-compat-0.4.7.tgz 690ms (cache miss)
649 http fetch GET 200 https://registry.npmjs.org/@firebase/webchannel-wrapper/-/webchannel-wrapper-1.0.7.tgz 693ms (cache miss)
650 http fetch GET 200 https://registry.npmjs.org/@firebase/app-compat/-/app-compat-0.5.17.tgz 698ms (cache miss)
651 http fetch GET 200 https://registry.npmjs.org/@firebase/ai/-/ai-2.15.0.tgz 867ms (cache miss)
652 http fetch GET 200 https://registry.npmjs.org/@firebase/auth/-/auth-1.13.5.tgz 1380ms (cache miss)
653 http fetch GET 200 https://registry.npmjs.org/@firebase/firestore/-/firestore-4.17.1.tgz 1708ms (cache miss)
654 http fetch GET 200 https://registry.npmjs.org/firebase/-/firebase-12.18.0.tgz 1741ms (cache miss)
655 info run @firebase/util@1.15.3 postinstall node_modules/@firebase/util node ./postinstall.js
656 info run @firebase/util@1.15.3 postinstall { code: 0, signal: null }
657 silly ADD node_modules/color-name
658 silly ADD node_modules/color-convert
659 silly ADD node_modules/ansi-styles
660 silly ADD node_modules/ansi-regex
661 silly ADD node_modules/is-fullwidth-code-point
662 silly ADD node_modules/emoji-regex
663 silly ADD node_modules/wrap-ansi
664 silly ADD node_modules/strip-ansi
665 silly ADD node_modules/yargs-parser
666 silly ADD node_modules/y18n
667 silly ADD node_modules/string-width
668 silly ADD node_modules/require-directory
669 silly ADD node_modules/get-caller-file
670 silly ADD node_modules/cliui
671 silly ADD node_modules/websocket-extensions
672 silly ADD node_modules/http-parser-js
673 silly ADD node_modules/websocket-driver
674 silly ADD node_modules/yargs
675 silly ADD node_modules/lodash.camelcase
676 silly ADD node_modules/@firebase/storage-types
677 silly ADD node_modules/@firebase/remote-config-types
678 silly ADD node_modules/@firebase/performance-types
679 silly ADD node_modules/web-vitals
680 silly ADD node_modules/@firebase/installations-types
681 silly ADD node_modules/@firebase/functions-types
682 silly ADD node_modules/@firebase/messaging-interop-types
683 silly ADD node_modules/@firebase/firestore-types
684 silly ADD node_modules/re2js
685 silly ADD node_modules/@grpc/proto-loader
686 silly ADD node_modules/@grpc/grpc-js
687 silly ADD node_modules/@firebase/webchannel-wrapper
688 silly ADD node_modules/@firebase/database-types
689 silly ADD node_modules/faye-websocket
690 silly ADD node_modules/@firebase/auth-interop-types
691 silly ADD node_modules/@firebase/auth-types
692 silly ADD node_modules/@firebase/app-check-types
693 silly ADD node_modules/idb
694 silly ADD node_modules/@firebase/analytics-types
695 silly ADD node_modules/@firebase/logger
696 silly ADD node_modules/@firebase/component
697 silly ADD node_modules/@firebase/app-check-interop-types
698 silly ADD node_modules/@firebase/util
699 silly ADD node_modules/@firebase/storage-compat
700 silly ADD node_modules/@firebase/storage
701 silly ADD node_modules/@firebase/remote-config-compat
702 silly ADD node_modules/@firebase/remote-config
703 silly ADD node_modules/@firebase/performance-compat
704 silly ADD node_modules/@firebase/performance
705 silly ADD node_modules/@firebase/messaging-compat
706 silly ADD node_modules/@firebase/messaging
707 silly ADD node_modules/@firebase/installations-compat
708 silly ADD node_modules/@firebase/installations
709 silly ADD node_modules/@firebase/functions-compat
710 silly ADD node_modules/@firebase/functions
711 silly ADD node_modules/@firebase/firestore-compat
712 silly ADD node_modules/@firebase/firestore
713 silly ADD node_modules/@firebase/database-compat
714 silly ADD node_modules/@firebase/database
715 silly ADD node_modules/@firebase/data-connect
716 silly ADD node_modules/@firebase/auth-compat
717 silly ADD node_modules/@firebase/auth
718 silly ADD node_modules/@firebase/app-check-compat
719 silly ADD node_modules/@firebase/app-check
720 silly ADD node_modules/@firebase/app-compat
721 silly ADD node_modules/@firebase/analytics-compat
722 silly ADD node_modules/@firebase/analytics
723 silly ADD node_modules/@firebase/app-types
724 silly ADD node_modules/@firebase/app
725 silly ADD node_modules/@firebase/ai
726 silly ADD node_modules/firebase
727 silly ADD node_modules/fsevents
728 warn allow-scripts 6 packages have install scripts not yet covered by allowScripts:
728 warn allow-scripts   @google/genai@2.19.0 (install: (install scripts present))
728 warn allow-scripts   esbuild@0.25.12 (install: (install scripts present))
728 warn allow-scripts   fsevents@2.3.3 (install: (install scripts present))
728 warn allow-scripts   protobufjs@7.6.5 (install: (install scripts present))
728 warn allow-scripts   esbuild@0.28.2 (install: (install scripts present))
728 warn allow-scripts   @firebase/util@1.15.3 (postinstall: node ./postinstall.js)
728 warn allow-scripts
728 warn allow-scripts Run `npm approve-scripts --allow-scripts-pending` to review, or `npm approve-scripts <pkg>` to allow.
729 verbose cwd /Users/kushal/antigravity/Food-Delivery-App
730 verbose os Darwin 25.4.0
731 verbose node v24.18.0
732 verbose npm  v11.16.0
733 notice
733 notice New major version of npm available! 11.16.0 -> 12.0.2
733 notice Changelog: https://github.com/npm/cli/releases/tag/v12.0.2
733 notice To update run: npm install -g npm@12.0.2
733 notice  { force: true, Symbol(proc-log.meta): true }
734 verbose exit 0
735 info ok
